node.exe : Debugger listening on ws://127.0.0.1:51620/d296a78e-7781-4cc9-a5be-2b0eaafbdc18
At line:1 char:1
+ & "C:\Program Files\nodejs/node.exe" "C:\Users\willmand646\AppData\Ro ...
+ ~~~~~~~~~~~~~~~~~~~~~~~~~~~~~~~~~~~~~~~~~~~~~~~~~~~~~~~~~~~~~~~~~~~~~
    + CategoryInfo          : NotSpecified: (Debugger listen...be-2b0eaafbdc18:String) [], RemoteException
    + FullyQualifiedErrorId : NativeCommandError
 
For help, see: https://nodejs.org/en/docs/inspector
Debugger attached.
Debugger listening on ws://127.0.0.1:51630/523cec3e-1b30-478f-b0b8-2d6a55ea8365
For help, see: https://nodejs.org/en/docs/inspector
Debugger attached.
Debugger listening on ws://127.0.0.1:51632/147b16d7-179b-42da-aebd-6700f596bce0
For help, see: https://nodejs.org/en/docs/inspector
Debugger attached.
Waiting for the debugger to disconnect...
Waiting for the debugger to disconnect...
Waiting for the debugger to disconnect...
