
> ant-game-tests@1.0.0 test:unit
> node test/unit/run-with-summary.js


Found 23 test files


[0m[0m
[0m  AntManager[0m
[0m    Constructor[0m
    [32m  Γ£ö[0m[90m should initialize with null selectedAnt[0m
    [32m  Γ£ö[0m[90m should create new instance successfully[0m
[0m    handleAntClick()[0m
    [32m  Γ£ö[0m[90m should move selected ant when ant is already selected[0m
    [32m  Γ£ö[0m[90m should select ant under mouse when no ant selected[0m
    [32m  Γ£ö[0m[90m should not select ant when mouse not over any ant[0m
    [32m  Γ£ö[0m[90m should deselect previous ant when selecting new one[0m
    [32m  Γ£ö[0m[90m should only select first ant under mouse[0m
    [32m  Γ£ö[0m[90m should handle no ants in array[0m
[0m    moveSelectedAnt()[0m
    [32m  Γ£ö[0m[90m should move selected ant and keep selection when resetSelection is false[0m
    [32m  Γ£ö[0m[90m should move selected ant and clear selection when resetSelection is true[0m
    [32m  Γ£ö[0m[90m should do nothing when no ant is selected[0m
    [32m  Γ£ö[0m[90m should handle error for non-boolean resetSelection parameter[0m
    [32m  Γ£ö[0m[90m should log error when IncorrectParamPassed is undefined[0m
node.exe : AntManager: Invalid parameter type for resetSelection. Expected boolean, got object
At line:1 char:1
+ & "C:\Program Files\nodejs/node.exe" "C:\Program Files\nodejs/node_mo ...
+ ~~~~~~~~~~~~~~~~~~~~~~~~~~~~~~~~~~~~~~~~~~~~~~~~~~~~~~~~~~~~~~~~~~~~~
    + CategoryInfo          : NotSpecified: (AntManager: Inv...ean, got object:String) [], RemoteExcept 
   ion
    + FullyQualifiedErrorId : NativeCommandError
 
    [32m  Γ£ö[0m[90m should handle null resetSelection parameter[0m
AntManager: Invalid parameter type for resetSelection. Expected boolean, got undefined
    [32m  Γ£ö[0m[90m should handle undefined resetSelection parameter[0m
[0m    selectAnt()[0m
    [32m  Γ£ö[0m[90m should select ant when mouse is over it[0m
    [32m  Γ£ö[0m[90m should not select ant when mouse is not over it[0m
    [32m  Γ£ö[0m[90m should return early when ant is not instance of ant class[0m
    [32m  Γ£ö[0m[90m should handle null ant parameter[0m
    [32m  Γ£ö[0m[90m should handle undefined ant parameter[0m
    [32m  Γ£ö[0m[90m should handle ant without isMouseOver method[0m
[0m    getAntObject()[0m
    [32m  Γ£ö[0m[90m should return ant at specified index[0m
    [32m  Γ£ö[0m[90m should return null for invalid index[0m
    [32m  Γ£ö[0m[90m should return null for negative index[0m
    [32m  Γ£ö[0m[90m should return null when ants array is undefined[0m
    [32m  Γ£ö[0m[90m should return null when ant at index is null[0m
    [32m  Γ£ö[0m[90m should return null when ant at index is undefined[0m
    [32m  Γ£ö[0m[90m should handle empty ants array[0m
[0m    getSelectedAnt()[0m
    [32m  Γ£ö[0m[90m should return selected ant[0m
    [32m  Γ£ö[0m[90m should return null when no ant selected[0m
    [32m  Γ£ö[0m[90m should return correct ant after selection change[0m
[0m    setSelectedAnt()[0m
    [32m  Γ£ö[0m[90m should set selected ant[0m
    [32m  Γ£ö[0m[90m should clear selected ant with null[0m
    [32m  Γ£ö[0m[90m should replace previously selected ant[0m
    [32m  Γ£ö[0m[90m should handle undefined parameter[0m
[0m    clearSelection()[0m
    [32m  Γ£ö[0m[90m should deselect ant and set selectedAnt to null[0m
    [32m  Γ£ö[0m[90m should do nothing when no ant is selected[0m
    [32m  Γ£ö[0m[90m should handle ant without setSelected method gracefully[0m
    [32m  Γ£ö[0m[90m should work after multiple selections[0m
[0m    hasSelection()[0m
    [32m  Γ£ö[0m[90m should return true when ant is selected[0m
    [32m  Γ£ö[0m[90m should return false when no ant is selected[0m
    [32m  Γ£ö[0m[90m should update when selection changes[0m
[0m    getDebugInfo()[0m
    [32m  Γ£ö[0m[90m should return debug info with no selection[0m
    [32m  Γ£ö[0m[90m should return debug info with selected ant[0m
    [32m  Γ£ö[0m[90m should include position from getPosition method[0m
    [32m  Γ£ö[0m[90m should update when selection changes[0m
[0m    Legacy Compatibility Methods[0m
[0m      AntClickControl()[0m
      [32m  Γ£ö[0m[90m should delegate to handleAntClick[0m
[0m      MoveAnt()[0m
      [32m  Γ£ö[0m[90m should delegate to moveSelectedAnt[0m
      [32m  Γ£ö[0m[90m should pass false parameter correctly[0m
[0m      SelectAnt()[0m
      [32m  Γ£ö[0m[90m should delegate to selectAnt[0m
      [32m  Γ£ö[0m[90m should handle null parameter[0m
[0m      getAntObj()[0m
      [32m  Γ£ö[0m[90m should delegate to getAntObject[0m
      [32m  Γ£ö[0m[90m should return null for invalid index[0m
[0m    Edge Cases[0m
    [32m  Γ£ö[0m[90m should handle rapid selection changes[0m
    [32m  Γ£ö[0m[90m should handle selecting same ant multiple times[0m
    [32m  Γ£ö[0m[90m should handle move operations with no mouseX/mouseY globals[0m
AntManager: Invalid parameter type for resetSelection. Expected boolean, got string
    [32m  Γ£ö[0m[90m should maintain state consistency after errors[0m

[0m  BuildingManager[0m
[0m    Building Class[0m
[0m      Constructor[0m
      [32m  Γ£ö[0m[90m should create a building with position[0m
      [32m  Γ£ö[0m[90m should create a building with dimensions[0m
      [32m  Γ£ö[0m[90m should set faction[0m
      [32m  Γ£ö[0m[90m should initialize with full health[0m
      [32m  Γ£ö[0m[90m should initialize as not dead[0m
      [32m  Γ£ö[0m[90m should initialize with spawn disabled[0m
      [32m  Γ£ö[0m[90m should set default spawn parameters[0m
      [32m  Γ£ö[0m[90m should initialize as active[0m
      [32m  Γ£ö[0m[90m should set image when provided[0m
[0m      Getters[0m
      [32m  Γ£ö[0m[90m should get faction[0m
      [32m  Γ£ö[0m[90m should get health[0m
      [32m  Γ£ö[0m[90m should get maxHealth[0m
      [32m  Γ£ö[0m[90m should get damage[0m
[0m      takeDamage()[0m
      [32m  Γ£ö[0m[90m should reduce health[0m
Building has died.
      [32m  Γ£ö[0m[90m should not go below zero health[0m
      [32m  Γ£ö[0m[90m should return new health value[0m
      [32m  Γ£ö[0m[90m should handle zero damage[0m
      [32m  Γ£ö[0m[90m should handle multiple damage calls[0m
      [32m  Γ£ö[0m[90m should call health controller onDamage[0m
[0m      heal()[0m
      [32m  Γ£ö[0m[90m should increase health[0m
      [32m  Γ£ö[0m[90m should not exceed max health[0m
      [32m  Γ£ö[0m[90m should return new health value[0m
      [32m  Γ£ö[0m[90m should handle zero healing[0m
      [32m  Γ£ö[0m[90m should handle undefined healing amount[0m
      [32m  Γ£ö[0m[90m should call health controller onHeal if available[0m
[0m      update()[0m
      [32m  Γ£ö[0m[90m should not update if inactive[0m
      [32m  Γ£ö[0m[90m should update spawn timer when enabled[0m
      [32m  Γ£ö[0m[90m should spawn ants when timer exceeds interval[0m
      [32m  Γ£ö[0m[90m should spawn at building center[0m
      [32m  Γ£ö[0m[90m should reset timer after spawning[0m
[0m      moveToLocation()[0m
      [32m  Γ£ö[0m[90m should not move buildings[0m
[0m      die()[0m
      [32m  Γ£ö[0m[90m should set isActive to false[0m
      [32m  Γ£ö[0m[90m should set isDead to true[0m
      [32m  Γ£ö[0m[90m should remove from Buildings array[0m
      [32m  Γ£ö[0m[90m should remove from selectables array[0m
[0m      render()[0m
      [32m  Γ£ö[0m[90m should not render if inactive[0m
      [32m  Γ£ö[0m[90m should call health controller render[0m
[0m    Factory Classes[0m
[0m      AbstractBuildingFactory[0m
      [32m  Γ£ö[0m[90m AntCone should create building[0m
      [32m  Γ£ö[0m[90m AntHill should create building[0m
      [32m  Γ£ö[0m[90m HiveSource should create building[0m
[0m    createBuilding() Function[0m
    [32m  Γ£ö[0m[90m should create building by type[0m
    [32m  Γ£ö[0m[90m should handle null type[0m
    [32m  Γ£ö[0m[90m should handle invalid type[0m
    [32m  Γ£ö[0m[90m should create antcone[0m
    [32m  Γ£ö[0m[90m should create anthill[0m
    [32m  Γ£ö[0m[90m should create hivesource[0m
    [32m  Γ£ö[0m[90m should be case insensitive[0m
    [32m  Γ£ö[0m[90m should default faction to neutral[0m
    [32m  Γ£ö[0m[90m should set building as active[0m
    [32m  Γ£ö[0m[90m should add to Buildings array[0m
    [32m  Γ£ö[0m[90m should add to selectables array[0m
    [32m  Γ£ö[0m[90m should enable spawning for hivesource[0m
    [32m  Γ£ö[0m[90m should enable spawning for anthill[0m
    [32m  Γ£ö[0m[90m should enable spawning for antcone[0m
    [32m  Γ£ö[0m[90m should not add duplicate to Buildings[0m
[0m    Edge Cases[0m
    [32m  Γ£ö[0m[90m should handle building with zero dimensions[0m
    [32m  Γ£ö[0m[90m should handle negative damage (acts as healing)[0m
Building has died.
    [32m  Γ£ö[0m[90m should handle excessive damage[0m
    [32m  Γ£ö[0m[90m should handle heal on full health[0m
Building has died.
Building has died.
    [32m  Γ£ö[0m[90m should handle rapid damage and heal cycles[0m
    [32m  Γ£ö[0m[90m should handle update without antsSpawn function[0m
    [32m  Γ£ö[0m[90m should handle die() when not in arrays[0m
    [32m  Γ£ö[0m[90m should handle multiple die() calls[0m

[0m  GameStateManager[0m
[0m    Constructor[0m
    [32m  Γ£ö[0m[90m should initialize with MENU state[0m
    [32m  Γ£ö[0m[90m should initialize previousState to null[0m
    [32m  Γ£ö[0m[90m should initialize fadeAlpha to 0[0m
    [32m  Γ£ö[0m[90m should initialize isFading to false[0m
    [32m  Γ£ö[0m[90m should initialize empty stateChangeCallbacks array[0m
    [32m  Γ£ö[0m[90m should initialize fadeDirection to "out"[0m
    [32m  Γ£ö[0m[90m should define all valid states[0m
[0m    getState()[0m
    [32m  Γ£ö[0m[90m should return current state[0m
    [32m  Γ£ö[0m[90m should return updated state after change[0m
[0m    setState()[0m
    [32m  Γ£ö[0m[90m should change state successfully[0m
    [32m  Γ£ö[0m[90m should update previousState[0m
Invalid game state: INVALID_STATE
    [32m  Γ£ö[0m[90m should return false for invalid state[0m
Invalid game state: INVALID_STATE
    [32m  Γ£ö[0m[90m should not change state when invalid[0m
    [32m  Γ£ö[0m[90m should execute callbacks by default[0m
    [32m  Γ£ö[0m[90m should skip callbacks when skipCallbacks is true[0m
    [32m  Γ£ö[0m[90m should warn for invalid states[0m
[0m    getPreviousState()[0m
    [32m  Γ£ö[0m[90m should return null initially[0m
    [32m  Γ£ö[0m[90m should return previous state after transition[0m
    [32m  Γ£ö[0m[90m should update with each state change[0m
[0m    isState()[0m
    [32m  Γ£ö[0m[90m should return true for current state[0m
    [32m  Γ£ö[0m[90m should return false for different state[0m
    [32m  Γ£ö[0m[90m should update when state changes[0m
[0m    isAnyState()[0m
    [32m  Γ£ö[0m[90m should return true when current matches one of provided[0m
    [32m  Γ£ö[0m[90m should return false when current matches none[0m
    [32m  Γ£ö[0m[90m should handle single state[0m
    [32m  Γ£ö[0m[90m should handle many states[0m
[0m    isValidState()[0m
    [32m  Γ£ö[0m[90m should return true for valid states[0m
    [32m  Γ£ö[0m[90m should return false for invalid states[0m
    [32m  Γ£ö[0m[90m should handle null and undefined[0m
[0m    Fade Transition Management[0m
[0m      getFadeAlpha()[0m
      [32m  Γ£ö[0m[90m should return initial fade alpha[0m
      [32m  Γ£ö[0m[90m should return updated fade alpha[0m
[0m      setFadeAlpha()[0m
      [32m  Γ£ö[0m[90m should set fade alpha[0m
      [32m  Γ£ö[0m[90m should clamp to 0 minimum[0m
      [32m  Γ£ö[0m[90m should clamp to 255 maximum[0m
      [32m  Γ£ö[0m[90m should handle boundary values[0m
[0m      isFadingTransition()[0m
      [32m  Γ£ö[0m[90m should return false initially[0m
      [32m  Γ£ö[0m[90m should return true after starting fade[0m
      [32m  Γ£ö[0m[90m should return false after stopping fade[0m
[0m      startFadeTransition()[0m
      [32m  Γ£ö[0m[90m should set isFading to true[0m
      [32m  Γ£ö[0m[90m should set fadeAlpha to 0 for "out" direction[0m
      [32m  Γ£ö[0m[90m should set fadeAlpha to 255 for "in" direction[0m
      [32m  Γ£ö[0m[90m should default to "out" direction[0m
      [32m  Γ£ö[0m[90m should set fadeDirection[0m
[0m      stopFadeTransition()[0m
      [32m  Γ£ö[0m[90m should set isFading to false[0m
      [32m  Γ£ö[0m[90m should work when already stopped[0m
[0m      updateFade()[0m
      [32m  Γ£ö[0m[90m should return false when not fading[0m
      [32m  Γ£ö[0m[90m should increase fadeAlpha for "out" direction[0m
      [32m  Γ£ö[0m[90m should decrease fadeAlpha for "in" direction[0m
      [32m  Γ£ö[0m[90m should return true when fade-out completes[0m
      [32m  Γ£ö[0m[90m should return true when fade-in completes[0m
      [32m  Γ£ö[0m[90m should stop fading when fade-in completes[0m
      [32m  Γ£ö[0m[90m should use default increment of 5[0m
      [32m  Γ£ö[0m[90m should handle custom increments[0m
[0m    Callback System[0m
[0m      onStateChange()[0m
      [32m  Γ£ö[0m[90m should register callback[0m
      [32m  Γ£ö[0m[90m should register multiple callbacks[0m
      [32m  Γ£ö[0m[90m should not register non-function[0m
[0m      removeStateChangeCallback()[0m
      [32m  Γ£ö[0m[90m should remove registered callback[0m
      [32m  Γ£ö[0m[90m should do nothing for unregistered callback[0m
      [32m  Γ£ö[0m[90m should handle removing from empty list[0m
[0m      executeCallbacks()[0m
      [32m  Γ£ö[0m[90m should execute all registered callbacks[0m
      [32m  Γ£ö[0m[90m should pass new and old state to callbacks[0m
Error in state change callback: Error: Test error
    at C:\Users\willm\OneDrive\Desktop\Classes\Class 
Repo\softwareEngineering_teamDelta\test\unit\managers\GameStateManager.test.js:402:45
    at C:\Users\willm\OneDrive\Desktop\Classes\Class 
Repo\softwareEngineering_teamDelta\Classes\managers\GameStateManager.js:119:9
    at Array.forEach (<anonymous>)
    at GameStateManager.executeCallbacks (C:\Users\willm\OneDrive\Desktop\Classes\Class 
Repo\softwareEngineering_teamDelta\Classes\managers\GameStateManager.js:117:31)
    at C:\Users\willm\OneDrive\Desktop\Classes\Class 
Repo\softwareEngineering_teamDelta\test\unit\managers\GameStateManager.test.js:405:30
    at Proxy.assertThrows (C:\Users\willm\OneDrive\Desktop\Classes\Class 
Repo\softwareEngineering_teamDelta\node_modules\chai\lib\chai\core\assertions.js:2644:7)
    at Proxy.methodWrapper (C:\Users\willm\OneDrive\Desktop\Classes\Class 
Repo\softwareEngineering_teamDelta\node_modules\chai\lib\chai\utils\addMethod.js:57:25)
    at Context.<anonymous> (C:\Users\willm\OneDrive\Desktop\Classes\Class 
Repo\softwareEngineering_teamDelta\test\unit\managers\GameStateManager.test.js:405:79)
    at callFn (C:\Users\willm\OneDrive\Desktop\Classes\Class 
Repo\softwareEngineering_teamDelta\node_modules\mocha\lib\runnable.js:364:21)
    at Runnable.run (C:\Users\willm\OneDrive\Desktop\Classes\Class 
Repo\softwareEngineering_teamDelta\node_modules\mocha\lib\runnable.js:352:5)
      [32m  Γ£ö[0m[90m should handle callback errors gracefully[0m
[0m    Convenience State Check Methods[0m
    [32m  Γ£ö[0m[90m isInMenu() should check MENU state[0m
    [32m  Γ£ö[0m[90m isInOptions() should check OPTIONS state[0m
    [32m  Γ£ö[0m[90m isInGame() should check PLAYING state[0m
    [32m  Γ£ö[0m[90m isPaused() should check PAUSED state[0m
    [32m  Γ£ö[0m[90m isGameOver() should check GAME_OVER state[0m
    [32m  Γ£ö[0m[90m isDebug() should check DEBUG_MENU state[0m
    [32m  Γ£ö[0m[90m isKanban() should check KAN_BAN state[0m
[0m    Transition Methods[0m
    [32m  Γ£ö[0m[90m goToMenu() should transition to MENU[0m
    [32m  Γ£ö[0m[90m goToOptions() should transition to OPTIONS[0m
    [32m  Γ£ö[0m[90m goToDebug() should transition to DEBUG_MENU[0m
    [32m  Γ£ö[0m[90m startGame() should transition to PLAYING[0m
    [32m  Γ£ö[0m[90m startGame() should start fade transition[0m
    [32m  Γ£ö[0m[90m pauseGame() should transition to PAUSED[0m
    [32m  Γ£ö[0m[90m resumeGame() should transition to PLAYING[0m
    [32m  Γ£ö[0m[90m endGame() should transition to GAME_OVER[0m
    [32m  Γ£ö[0m[90m goToKanban() should transition to KAN_BAN[0m
[0m    reset()[0m
    [32m  Γ£ö[0m[90m should reset to MENU state[0m
    [32m  Γ£ö[0m[90m should reset previousState to null[0m
    [32m  Γ£ö[0m[90m should reset fadeAlpha to 0[0m
    [32m  Γ£ö[0m[90m should reset isFading to false[0m
[0m    getDebugInfo()[0m
    [32m  Γ£ö[0m[90m should return debug information object[0m
    [32m  Γ£ö[0m[90m should include current state[0m
    [32m  Γ£ö[0m[90m should include previous state[0m
    [32m  Γ£ö[0m[90m should include fade alpha[0m
    [32m  Γ£ö[0m[90m should include isFading[0m
    [32m  Γ£ö[0m[90m should include callback count[0m
    [32m  Γ£ö[0m[90m should include valid states[0m
[0m    Edge Cases[0m
    [32m  Γ£ö[0m[90m should handle rapid state changes[0m
    [32m  Γ£ö[0m[90m should handle setting same state multiple times[0m
    [32m  Γ£ö[0m[90m should handle multiple fade transitions[0m
    [36m  - should handle callback during state transition (causes infinite loop)[0m

[0m  MapManager[0m
[0m    Constructor[0m
MapManager initialized
    [32m  Γ£ö[0m[90m should initialize with empty maps[0m
MapManager initialized
    [32m  Γ£ö[0m[90m should initialize activeMap to null[0m
MapManager initialized
    [32m  Γ£ö[0m[90m should initialize activeMapId to null[0m
MapManager initialized
    [32m  Γ£ö[0m[90m should set default tile size to 32[0m
MapManager initialized
    [32m  Γ£ö[0m[90m should initialize _maps as a Map[0m
[0m    registerMap()[0m
MapManager initialized
MapManager: Registered map 'level1'
    [32m  Γ£ö[0m[90m should register a valid map[0m
MapManager initialized
MapManager.registerMap: Invalid map ID
MapManager.registerMap: Invalid map ID
MapManager.registerMap: Invalid map ID
    [32m  Γ£ö[0m[90m should return false for invalid mapId[0m
MapManager initialized
MapManager.registerMap: Invalid map ID
MapManager.registerMap: Invalid map ID
    [32m  Γ£ö[0m[90m should return false for non-string mapId[0m
MapManager initialized
MapManager.registerMap: Invalid map object
MapManager.registerMap: Invalid map object
MapManager.registerMap: Invalid map object
    [32m  Γ£ö[0m[90m should return false for invalid map object[0m
MapManager initialized
MapManager: Registered map 'level1'
MapManager.registerMap: Map 'level1' already registered, replacing
MapManager: Registered map 'level1'
    [32m  Γ£ö[0m[90m should replace existing map with warning[0m
MapManager initialized
MapManager: Registered map 'level1'
MapManager: Terrain cache invalidated for 'level1'
MapManager: Active map set to 'level1'
    [32m  Γ£ö[0m[90m should set map as active when setActive is true[0m
MapManager initialized
MapManager: Registered map 'level1'
    [32m  Γ£ö[0m[90m should not set map as active when setActive is false[0m
MapManager initialized
MapManager: Registered map 'level1'
    [32m  Γ£ö[0m[90m should default setActive to false[0m
MapManager initialized
MapManager: Registered map 'level1'
MapManager: Registered map 'level2'
MapManager: Registered map 'level3'
    [32m  Γ£ö[0m[90m should register multiple maps[0m
[0m    unregisterMap()[0m
MapManager initialized
MapManager: Registered map 'level1'
MapManager: Registered map 'level2'
MapManager: Unregistered map 'level1'
    [32m  Γ£ö[0m[90m should unregister a map[0m
MapManager initialized
MapManager: Registered map 'level1'
MapManager: Registered map 'level2'
MapManager.unregisterMap: Map 'nonexistent' not found
    [32m  Γ£ö[0m[90m should return false for non-existent map[0m
MapManager initialized
MapManager: Registered map 'level1'
MapManager: Registered map 'level2'
MapManager: Terrain cache invalidated for 'level1'
MapManager: Active map set to 'level1'
MapManager.unregisterMap: Cannot remove active map
    [32m  Γ£ö[0m[90m should not allow removing active map[0m
MapManager initialized
MapManager: Registered map 'level1'
MapManager: Registered map 'level2'
MapManager: Terrain cache invalidated for 'level1'
MapManager: Active map set to 'level1'
MapManager: Unregistered map 'level2'
    [32m  Γ£ö[0m[90m should allow removing non-active map[0m
MapManager initialized
MapManager: Registered map 'level1'
MapManager: Registered map 'level2'
MapManager: Unregistered map 'level1'
    [32m  Γ£ö[0m[90m should reduce map count[0m
[0m    setActiveMap()[0m
MapManager initialized
MapManager: Registered map 'level1'
MapManager: Registered map 'level2'
MapManager: Terrain cache invalidated for 'level1'
MapManager: Active map set to 'level1'
    [32m  Γ£ö[0m[90m should set active map by ID[0m
MapManager initialized
MapManager: Registered map 'level1'
MapManager: Registered map 'level2'
MapManager.setActiveMap: Map 'nonexistent' not found
    [32m  Γ£ö[0m[90m should return false for non-existent map[0m
MapManager initialized
MapManager: Registered map 'level1'
MapManager: Registered map 'level2'
MapManager: Terrain cache invalidated for 'level1'
MapManager: Active map set to 'level1'
MapManager: Terrain cache invalidated for 'level2'
MapManager: Active map set to 'level2'
    [32m  Γ£ö[0m[90m should switch active maps[0m
MapManager initialized
MapManager: Registered map 'level1'
MapManager: Registered map 'level2'
MapManager: Terrain cache invalidated for 'level1'
MapManager: Active map set to 'level1'
    [32m  Γ£ö[0m[90m should invalidate cache when map has invalidateCache method[0m
MapManager initialized
MapManager: Registered map 'level1'
MapManager: Registered map 'level2'
MapManager: Terrain cache invalidated for 'level2'
MapManager: Active map set to 'level2'
    [32m  Γ£ö[0m[90m should handle map without invalidateCache method[0m
[0m    getActiveMap()[0m
MapManager initialized
    [32m  Γ£ö[0m[90m should return null when no active map[0m
MapManager initialized
MapManager: Registered map 'level1'
MapManager: Terrain cache invalidated for 'level1'
MapManager: Active map set to 'level1'
    [32m  Γ£ö[0m[90m should return active map instance[0m
MapManager initialized
MapManager: Registered map 'level1'
MapManager: Registered map 'level2'
MapManager: Terrain cache invalidated for 'level1'
MapManager: Active map set to 'level1'
MapManager: Terrain cache invalidated for 'level2'
MapManager: Active map set to 'level2'
    [32m  Γ£ö[0m[90m should return updated active map after switch[0m
[0m    getActiveMapId()[0m
MapManager initialized
    [32m  Γ£ö[0m[90m should return null when no active map[0m
MapManager initialized
MapManager: Registered map 'level1'
MapManager: Terrain cache invalidated for 'level1'
MapManager: Active map set to 'level1'
    [32m  Γ£ö[0m[90m should return active map ID[0m
[0m    getMap()[0m
MapManager initialized
MapManager: Registered map 'level1'
MapManager: Registered map 'level2'
    [32m  Γ£ö[0m[90m should return map by ID[0m
MapManager initialized
MapManager: Registered map 'level1'
MapManager: Registered map 'level2'
    [32m  Γ£ö[0m[90m should return null for non-existent map[0m
MapManager initialized
MapManager: Registered map 'level1'
MapManager: Registered map 'level2'
    [32m  Γ£ö[0m[90m should return null for invalid ID types[0m
[0m    hasMap()[0m
MapManager initialized
MapManager: Registered map 'level1'
    [32m  Γ£ö[0m[90m should return true for registered map[0m
MapManager initialized
MapManager: Registered map 'level1'
    [32m  Γ£ö[0m[90m should return false for non-existent map[0m
MapManager initialized
MapManager: Registered map 'level1'
MapManager: Unregistered map 'level1'
    [32m  Γ£ö[0m[90m should return false after unregistration[0m
[0m    getMapIds()[0m
MapManager initialized
    [32m  Γ£ö[0m[90m should return empty array when no maps[0m
MapManager initialized
MapManager: Registered map 'level1'
MapManager: Registered map 'level2'
MapManager: Registered map 'level3'
    [32m  Γ£ö[0m[90m should return array of map IDs[0m
MapManager initialized
MapManager: Registered map 'level1'
MapManager: Registered map 'level2'
    [32m  Γ£ö[0m[90m should update after adding map[0m
MapManager initialized
MapManager: Registered map 'level1'
MapManager: Registered map 'level2'
MapManager: Unregistered map 'level1'
    [32m  Γ£ö[0m[90m should update after removing map[0m
[0m    getTileAtPosition()[0m
MapManager initialized
MapManager: Registered map 'level1'
MapManager: Terrain cache invalidated for 'level1'
MapManager: Active map set to 'level1'
    [32m  Γ£ö[0m[90m should return null when no active map[0m
MapManager initialized
MapManager: Registered map 'level1'
MapManager: Terrain cache invalidated for 'level1'
MapManager: Active map set to 'level1'
    [32m  Γ£ö[0m[90m should return tile at world position[0m
MapManager initialized
MapManager: Registered map 'level1'
MapManager: Terrain cache invalidated for 'level1'
MapManager: Active map set to 'level1'
    [32m  Γ£ö[0m[90m should use renderConversion for coordinate conversion[0m
MapManager initialized
MapManager: Registered map 'level1'
MapManager: Terrain cache invalidated for 'level1'
MapManager: Active map set to 'level1'
MapManager: Registered map 'broken'
MapManager: Active map set to 'broken'
MapManager.getTileAtPosition error: Error: Test error
    at Object.convCanvasToPos (C:\Users\willm\OneDrive\Desktop\Classes\Class 
Repo\softwareEngineering_teamDelta\test\unit\managers\MapManager.test.js:341:42)
    at MapManager.getTileAtPosition (C:\Users\willm\OneDrive\Desktop\Classes\Class 
Repo\softwareEngineering_teamDelta\Classes\managers\MapManager.js:181:58)
    at Context.<anonymous> (C:\Users\willm\OneDrive\Desktop\Classes\Class 
Repo\softwareEngineering_teamDelta\test\unit\managers\MapManager.test.js:346:22)
    at callFn (C:\Users\willm\OneDrive\Desktop\Classes\Class 
Repo\softwareEngineering_teamDelta\node_modules\mocha\lib\runnable.js:364:21)
    at Runnable.run (C:\Users\willm\OneDrive\Desktop\Classes\Class 
Repo\softwareEngineering_teamDelta\node_modules\mocha\lib\runnable.js:352:5)
    at Runner.runTest (C:\Users\willm\OneDrive\Desktop\Classes\Class 
Repo\softwareEngineering_teamDelta\node_modules\mocha\lib\runner.js:677:10)
    at C:\Users\willm\OneDrive\Desktop\Classes\Class 
Repo\softwareEngineering_teamDelta\node_modules\mocha\lib\runner.js:800:12
    at next (C:\Users\willm\OneDrive\Desktop\Classes\Class 
Repo\softwareEngineering_teamDelta\node_modules\mocha\lib\runner.js:592:14)
    at C:\Users\willm\OneDrive\Desktop\Classes\Class 
Repo\softwareEngineering_teamDelta\node_modules\mocha\lib\runner.js:602:7
    at next (C:\Users\willm\OneDrive\Desktop\Classes\Class 
Repo\softwareEngineering_teamDelta\node_modules\mocha\lib\runner.js:485:14)
    [32m  Γ£ö[0m[90m should handle errors gracefully[0m
[0m    getTileAtGridCoords()[0m
MapManager initialized
MapManager: Registered map 'level1'
MapManager: Terrain cache invalidated for 'level1'
MapManager: Active map set to 'level1'
    [32m  Γ£ö[0m[90m should return null when no active map[0m
MapManager initialized
MapManager: Registered map 'level1'
MapManager: Terrain cache invalidated for 'level1'
MapManager: Active map set to 'level1'
    [32m  Γ£ö[0m[90m should return null when chunkArray missing[0m
MapManager initialized
MapManager: Registered map 'level1'
MapManager: Terrain cache invalidated for 'level1'
MapManager: Active map set to 'level1'
    [32m  Γ£ö[0m[90m should return tile at grid coordinates[0m
MapManager initialized
MapManager: Registered map 'level1'
MapManager: Terrain cache invalidated for 'level1'
MapManager: Active map set to 'level1'
    [32m  Γ£ö[0m[90m should return null for out-of-bounds coordinates[0m
MapManager initialized
MapManager: Registered map 'level1'
MapManager: Terrain cache invalidated for 'level1'
MapManager: Active map set to 'level1'
    [32m  Γ£ö[0m[90m should handle negative coordinates[0m
[0m    getTileAtCoords() [deprecated][0m
MapManager initialized
MapManager: Registered map 'level1'
MapManager: Terrain cache invalidated for 'level1'
MapManager: Active map set to 'level1'
    [32m  Γ£ö[0m[90m should call getTileAtGridCoords[0m
MapManager initialized
MapManager: Registered map 'level1'
MapManager: Terrain cache invalidated for 'level1'
MapManager: Active map set to 'level1'
    [32m  Γ£ö[0m[90m should return same result as getTileAtGridCoords[0m
[0m    getTileMaterial()[0m
MapManager initialized
MapManager: Registered map 'level1'
MapManager: Terrain cache invalidated for 'level1'
MapManager: Active map set to 'level1'
    [32m  Γ£ö[0m[90m should return null when no tile found[0m
MapManager initialized
MapManager: Registered map 'level1'
MapManager: Terrain cache invalidated for 'level1'
MapManager: Active map set to 'level1'
    [32m  Γ£ö[0m[90m should return material of tile at position[0m
MapManager initialized
MapManager: Registered map 'level1'
MapManager: Terrain cache invalidated for 'level1'
MapManager: Active map set to 'level1'
    [32m  Γ£ö[0m[90m should return null for out-of-bounds position[0m
[0m    getInfo()[0m
MapManager initialized
    [32m  Γ£ö[0m[90m should return info object with all properties[0m
MapManager initialized
    [32m  Γ£ö[0m[90m should reflect empty state[0m
MapManager initialized
MapManager: Registered map 'level1'
MapManager: Registered map 'level2'
    [32m  Γ£ö[0m[90m should reflect registered maps[0m
MapManager initialized
MapManager: Registered map 'level1'
MapManager: Terrain cache invalidated for 'level1'
MapManager: Active map set to 'level1'
    [32m  Γ£ö[0m[90m should reflect active map[0m
MapManager initialized
MapManager: Registered map 'level1'
MapManager: Terrain cache invalidated for 'level1'
MapManager: Active map set to 'level1'
MapManager: Registered map 'level2'
    [32m  Γ£ö[0m[90m should update after changes[0m
[0m    clearAll()[0m
MapManager initialized
MapManager: Registered map 'level1'
MapManager: Registered map 'level2'
MapManager: Terrain cache invalidated for 'level1'
MapManager: Active map set to 'level1'
MapManager: All maps cleared
    [32m  Γ£ö[0m[90m should clear all maps[0m
MapManager initialized
MapManager: Registered map 'level1'
MapManager: Registered map 'level2'
MapManager: Terrain cache invalidated for 'level1'
MapManager: Active map set to 'level1'
MapManager: All maps cleared
    [32m  Γ£ö[0m[90m should clear active map[0m
MapManager initialized
MapManager: Registered map 'level1'
MapManager: Registered map 'level2'
MapManager: Terrain cache invalidated for 'level1'
MapManager: Active map set to 'level1'
MapManager: All maps cleared
    [32m  Γ£ö[0m[90m should result in empty getInfo[0m
[0m    Edge Cases[0m
MapManager initialized
MapManager: Registered map 'level1'
MapManager.registerMap: Map 'level1' already registered, replacing
MapManager: Registered map 'level1'
    [32m  Γ£ö[0m[90m should handle registering same map twice[0m
MapManager initialized
MapManager: Registered map 'level1'
MapManager: Registered map 'level2'
MapManager: Registered map 'level3'
MapManager: Terrain cache invalidated for 'level1'
MapManager: Active map set to 'level1'
MapManager: Terrain cache invalidated for 'level2'
MapManager: Active map set to 'level2'
MapManager: Active map set to 'level3'
MapManager: Terrain cache invalidated for 'level1'
MapManager: Active map set to 'level1'
MapManager: Terrain cache invalidated for 'level2'
MapManager: Active map set to 'level2'
MapManager: Active map set to 'level3'
MapManager: Terrain cache invalidated for 'level1'
MapManager: Active map set to 'level1'
MapManager: Terrain cache invalidated for 'level2'
MapManager: Active map set to 'level2'
MapManager: Active map set to 'level3'
MapManager: Terrain cache invalidated for 'level1'
MapManager: Active map set to 'level1'
MapManager: Terrain cache invalidated for 'level2'
MapManager: Active map set to 'level2'
MapManager: Active map set to 'level3'
MapManager: Terrain cache invalidated for 'level1'
MapManager: Active map set to 'level1'
MapManager: Terrain cache invalidated for 'level2'
MapManager: Active map set to 'level2'
MapManager: Active map set to 'level3'
MapManager: Terrain cache invalidated for 'level1'
MapManager: Active map set to 'level1'
MapManager: Terrain cache invalidated for 'level2'
MapManager: Active map set to 'level2'
MapManager: Active map set to 'level3'
MapManager: Terrain cache invalidated for 'level1'
MapManager: Active map set to 'level1'
MapManager: Terrain cache invalidated for 'level2'
MapManager: Active map set to 'level2'
MapManager: Active map set to 'level3'
MapManager: Terrain cache invalidated for 'level1'
MapManager: Active map set to 'level1'
MapManager: Terrain cache invalidated for 'level2'
MapManager: Active map set to 'level2'
MapManager: Active map set to 'level3'
MapManager: Terrain cache invalidated for 'level1'
MapManager: Active map set to 'level1'
MapManager: Terrain cache invalidated for 'level2'
MapManager: Active map set to 'level2'
MapManager: Active map set to 'level3'
MapManager: Terrain cache invalidated for 'level1'
MapManager: Active map set to 'level1'
MapManager: Terrain cache invalidated for 'level2'
MapManager: Active map set to 'level2'
MapManager: Active map set to 'level3'
MapManager: Terrain cache invalidated for 'level1'
MapManager: Active map set to 'level1'
MapManager: Terrain cache invalidated for 'level2'
MapManager: Active map set to 'level2'
MapManager: Active map set to 'level3'
MapManager: Terrain cache invalidated for 'level1'
MapManager: Active map set to 'level1'
MapManager: Terrain cache invalidated for 'level2'
MapManager: Active map set to 'level2'
MapManager: Active map set to 'level3'
MapManager: Terrain cache invalidated for 'level1'
MapManager: Active map set to 'level1'
MapManager: Terrain cache invalidated for 'level2'
MapManager: Active map set to 'level2'
MapManager: Active map set to 'level3'
MapManager: Terrain cache invalidated for 'level1'
MapManager: Active map set to 'level1'
MapManager: Terrain cache invalidated for 'level2'
MapManager: Active map set to 'level2'
MapManager: Active map set to 'level3'
MapManager: Terrain cache invalidated for 'level1'
MapManager: Active map set to 'level1'
MapManager: Terrain cache invalidated for 'level2'
MapManager: Active map set to 'level2'
MapManager: Active map set to 'level3'
MapManager: Terrain cache invalidated for 'level1'
MapManager: Active map set to 'level1'
MapManager: Terrain cache invalidated for 'level2'
MapManager: Active map set to 'level2'
MapManager: Active map set to 'level3'
MapManager: Terrain cache invalidated for 'level1'
MapManager: Active map set to 'level1'
MapManager: Terrain cache invalidated for 'level2'
MapManager: Active map set to 'level2'
MapManager: Active map set to 'level3'
MapManager: Terrain cache invalidated for 'level1'
MapManager: Active map set to 'level1'
MapManager: Terrain cache invalidated for 'level2'
MapManager: Active map set to 'level2'
MapManager: Active map set to 'level3'
MapManager: Terrain cache invalidated for 'level1'
MapManager: Active map set to 'level1'
MapManager: Terrain cache invalidated for 'level2'
MapManager: Active map set to 'level2'
MapManager: Active map set to 'level3'
MapManager: Terrain cache invalidated for 'level1'
MapManager: Active map set to 'level1'
MapManager: Terrain cache invalidated for 'level2'
MapManager: Active map set to 'level2'
MapManager: Active map set to 'level3'
MapManager: Terrain cache invalidated for 'level1'
MapManager: Active map set to 'level1'
MapManager: Terrain cache invalidated for 'level2'
MapManager: Active map set to 'level2'
MapManager: Active map set to 'level3'
MapManager: Terrain cache invalidated for 'level1'
MapManager: Active map set to 'level1'
MapManager: Terrain cache invalidated for 'level2'
MapManager: Active map set to 'level2'
MapManager: Active map set to 'level3'
MapManager: Terrain cache invalidated for 'level1'
MapManager: Active map set to 'level1'
MapManager: Terrain cache invalidated for 'level2'
MapManager: Active map set to 'level2'
MapManager: Active map set to 'level3'
MapManager: Terrain cache invalidated for 'level1'
MapManager: Active map set to 'level1'
MapManager: Terrain cache invalidated for 'level2'
MapManager: Active map set to 'level2'
MapManager: Active map set to 'level3'
MapManager: Terrain cache invalidated for 'level1'
MapManager: Active map set to 'level1'
MapManager: Terrain cache invalidated for 'level2'
MapManager: Active map set to 'level2'
MapManager: Active map set to 'level3'
MapManager: Terrain cache invalidated for 'level1'
MapManager: Active map set to 'level1'
MapManager: Terrain cache invalidated for 'level2'
MapManager: Active map set to 'level2'
MapManager: Active map set to 'level3'
MapManager: Terrain cache invalidated for 'level1'
MapManager: Active map set to 'level1'
MapManager: Terrain cache invalidated for 'level2'
MapManager: Active map set to 'level2'
MapManager: Active map set to 'level3'
MapManager: Terrain cache invalidated for 'level1'
MapManager: Active map set to 'level1'
MapManager: Terrain cache invalidated for 'level2'
MapManager: Active map set to 'level2'
MapManager: Active map set to 'level3'
MapManager: Terrain cache invalidated for 'level1'
MapManager: Active map set to 'level1'
MapManager: Terrain cache invalidated for 'level2'
MapManager: Active map set to 'level2'
MapManager: Active map set to 'level3'
MapManager: Terrain cache invalidated for 'level1'
MapManager: Active map set to 'level1'
MapManager: Terrain cache invalidated for 'level2'
MapManager: Active map set to 'level2'
MapManager: Active map set to 'level3'
MapManager: Terrain cache invalidated for 'level1'
MapManager: Active map set to 'level1'
MapManager: Terrain cache invalidated for 'level2'
MapManager: Active map set to 'level2'
MapManager: Active map set to 'level3'
MapManager: Terrain cache invalidated for 'level1'
MapManager: Active map set to 'level1'
MapManager: Terrain cache invalidated for 'level2'
MapManager: Active map set to 'level2'
MapManager: Active map set to 'level3'
MapManager: Terrain cache invalidated for 'level1'
MapManager: Active map set to 'level1'
MapManager: Terrain cache invalidated for 'level2'
MapManager: Active map set to 'level2'
MapManager: Active map set to 'level3'
MapManager: Terrain cache invalidated for 'level1'
MapManager: Active map set to 'level1'
MapManager: Terrain cache invalidated for 'level2'
MapManager: Active map set to 'level2'
MapManager: Active map set to 'level3'
MapManager: Terrain cache invalidated for 'level1'
MapManager: Active map set to 'level1'
MapManager: Terrain cache invalidated for 'level2'
MapManager: Active map set to 'level2'
MapManager: Active map set to 'level3'
MapManager: Terrain cache invalidated for 'level1'
MapManager: Active map set to 'level1'
MapManager: Terrain cache invalidated for 'level2'
MapManager: Active map set to 'level2'
MapManager: Active map set to 'level3'
MapManager: Terrain cache invalidated for 'level1'
MapManager: Active map set to 'level1'
MapManager: Terrain cache invalidated for 'level2'
MapManager: Active map set to 'level2'
MapManager: Active map set to 'level3'
MapManager: Terrain cache invalidated for 'level1'
MapManager: Active map set to 'level1'
MapManager: Terrain cache invalidated for 'level2'
MapManager: Active map set to 'level2'
MapManager: Active map set to 'level3'
MapManager: Terrain cache invalidated for 'level1'
MapManager: Active map set to 'level1'
MapManager: Terrain cache invalidated for 'level2'
MapManager: Active map set to 'level2'
MapManager: Active map set to 'level3'
MapManager: Terrain cache invalidated for 'level1'
MapManager: Active map set to 'level1'
MapManager: Terrain cache invalidated for 'level2'
MapManager: Active map set to 'level2'
MapManager: Active map set to 'level3'
MapManager: Terrain cache invalidated for 'level1'
MapManager: Active map set to 'level1'
MapManager: Terrain cache invalidated for 'level2'
MapManager: Active map set to 'level2'
MapManager: Active map set to 'level3'
MapManager: Terrain cache invalidated for 'level1'
MapManager: Active map set to 'level1'
MapManager: Terrain cache invalidated for 'level2'
MapManager: Active map set to 'level2'
MapManager: Active map set to 'level3'
MapManager: Terrain cache invalidated for 'level1'
MapManager: Active map set to 'level1'
MapManager: Terrain cache invalidated for 'level2'
MapManager: Active map set to 'level2'
MapManager: Active map set to 'level3'
MapManager: Terrain cache invalidated for 'level1'
MapManager: Active map set to 'level1'
MapManager: Terrain cache invalidated for 'level2'
MapManager: Active map set to 'level2'
MapManager: Active map set to 'level3'
MapManager: Terrain cache invalidated for 'level1'
MapManager: Active map set to 'level1'
MapManager: Terrain cache invalidated for 'level2'
MapManager: Active map set to 'level2'
MapManager: Active map set to 'level3'
MapManager: Terrain cache invalidated for 'level1'
MapManager: Active map set to 'level1'
MapManager: Terrain cache invalidated for 'level2'
MapManager: Active map set to 'level2'
MapManager: Active map set to 'level3'
MapManager: Terrain cache invalidated for 'level1'
MapManager: Active map set to 'level1'
MapManager.unregisterMap: Map 'level1' not found
MapManager: Terrain cache invalidated for 'level2'
MapManager: Active map set to 'level2'
MapManager: Active map set to 'level3'
MapManager: Terrain cache invalidated for 'level1'
MapManager: Active map set to 'level1'
MapManager: Terrain cache invalidated for 'level2'
MapManager: Active map set to 'level2'
MapManager: Active map set to 'level3'
MapManager: Terrain cache invalidated for 'level1'
MapManager: Active map set to 'level1'
MapManager: Terrain cache invalidated for 'level2'
MapManager: Active map set to 'level2'
MapManager: Active map set to 'level3'
MapManager: Terrain cache invalidated for 'level1'
MapManager: Active map set to 'level1'
MapManager: Terrain cache invalidated for 'level2'
MapManager: Active map set to 'level2'
MapManager: Active map set to 'level3'
    [32m  Γ£ö[0m[90m should handle rapid map switching[0m
MapManager initialized
MapManager: Registered map 'empty'
MapManager: Active map set to 'empty'
    [32m  Γ£ö[0m[90m should handle tile queries on empty map[0m
MapManager initialized
MapManager: Registered map 'level1'
MapManager: All maps cleared
    [32m  Γ£ö[0m[90m should handle unregister after clearAll[0m
MapManager initialized
MapManager: Registered map 'level1'
MapManager: All maps cleared
    [32m  Γ£ö[0m[90m should handle getMap after clearAll[0m

[0m  pheromoneControl[0m
[0m    showPath()[0m
    [32m  Γ£ö[0m[90m should exist as a function[0m
    [32m  Γ£ö[0m[90m should execute without throwing errors[0m
    [32m  Γ£ö[0m[90m should be callable multiple times[0m
[0m    Edge Cases[0m
    [32m  Γ£ö[0m[90m should handle being called with undefined[0m
    [32m  Γ£ö[0m[90m should handle being called with null[0m
    [32m  Γ£ö[0m[90m should handle being called with various argument types[0m
[0m    Future Implementation[0m
    [32m  Γ£ö[0m[90m should be ready for path visualization logic[0m

[0m  Resource Movement Integration[0m
  [32m  Γ£ö[0m[90m prevents resources from skittering when movementSpeed is 0[0m

[0m  ResourceManager[0m
[0m    Constructor[0m
    [32m  Γ£ö[0m[90m should initialize with parent entity[0m
    [32m  Γ£ö[0m[90m should initialize with default maxCapacity of 2[0m
    [32m  Γ£ö[0m[90m should initialize with custom maxCapacity[0m
    [32m  Γ£ö[0m[90m should initialize with default collectionRange of 25[0m
    [32m  Γ£ö[0m[90m should initialize with custom collectionRange[0m
    [32m  Γ£ö[0m[90m should initialize empty resources array[0m
    [32m  Γ£ö[0m[90m should initialize isDroppingOff to false[0m
    [32m  Γ£ö[0m[90m should initialize isAtMaxCapacity to false[0m
    [32m  Γ£ö[0m[90m should initialize selectedResourceType to null[0m
    [32m  Γ£ö[0m[90m should initialize highlightSelectedType to true[0m
    [32m  Γ£ö[0m[90m should initialize focusedCollection to false[0m
[0m    getCurrentLoad()[0m
    [32m  Γ£ö[0m[90m should return 0 when no resources[0m
    [32m  Γ£ö[0m[90m should return correct count with resources[0m
    [32m  Γ£ö[0m[90m should update when resources are added[0m
    [32m  Γ£ö[0m[90m should update when resources are removed[0m
[0m    isAtMaxLoad()[0m
    [32m  Γ£ö[0m[90m should return false when empty[0m
    [32m  Γ£ö[0m[90m should return false when below capacity[0m
    [32m  Γ£ö[0m[90m should return true when at capacity[0m
    [32m  Γ£ö[0m[90m should return false after dropping resources[0m
    [32m  Γ£ö[0m[90m should respect custom capacity limits[0m
[0m    getRemainingCapacity()[0m
    [32m  Γ£ö[0m[90m should return maxCapacity when empty[0m
    [32m  Γ£ö[0m[90m should return correct remaining capacity[0m
    [32m  Γ£ö[0m[90m should return 0 when at max capacity[0m
    [32m  Γ£ö[0m[90m should update after dropping resources[0m
    [32m  Γ£ö[0m[90m should handle custom capacity correctly[0m
[0m    addResource()[0m
    [32m  Γ£ö[0m[90m should add resource successfully[0m
    [32m  Γ£ö[0m[90m should return false when at max capacity[0m
    [32m  Γ£ö[0m[90m should not add resource when at max capacity[0m
    [32m  Γ£ö[0m[90m should update isAtMaxCapacity when reaching limit[0m
    [32m  Γ£ö[0m[90m should handle null resource[0m
    [32m  Γ£ö[0m[90m should add multiple different resources[0m
    [32m  Γ£ö[0m[90m should maintain resource order[0m
[0m    dropAllResources()[0m
    [32m  Γ£ö[0m[90m should return empty array when no resources[0m
    [32m  Γ£ö[0m[90m should return all carried resources[0m
    [32m  Γ£ö[0m[90m should clear resources array[0m
    [32m  Γ£ö[0m[90m should set isDroppingOff to false[0m
    [32m  Γ£ö[0m[90m should set isAtMaxCapacity to false[0m
    [32m  Γ£ö[0m[90m should return copy of resources not reference[0m
[0m    startDropOff()[0m
    [32m  Γ£ö[0m[90m should set isDroppingOff to true[0m
    [32m  Γ£ö[0m[90m should set isAtMaxCapacity to true[0m
    [32m  Γ£ö[0m[90m should call moveToLocation on parent entity[0m
    [32m  Γ£ö[0m[90m should handle entity without moveToLocation[0m
    [32m  Γ£ö[0m[90m should handle null entity[0m
    [32m  Γ£ö[0m[90m should handle negative coordinates[0m
[0m    processDropOff()[0m
[ResourceManager] addGlobalResource: food +1 -> 1
[ResourceManager] totals: { food: 1 }
added resource
[ResourceManager] addGlobalResource: food +1 -> 2
[ResourceManager] totals: { food: 2 }
added resource
    [32m  Γ£ö[0m[90m should drop all resources into global array[0m
[ResourceManager] addGlobalResource: food +1 -> 3
[ResourceManager] totals: { food: 3 }
added resource
[ResourceManager] addGlobalResource: food +1 -> 4
[ResourceManager] totals: { food: 4 }
added resource
    [32m  Γ£ö[0m[90m should call drop() on each resource[0m
[ResourceManager] addGlobalResource: food +1 -> 5
[ResourceManager] totals: { food: 5 }
added resource
[ResourceManager] addGlobalResource: food +1 -> 6
[ResourceManager] totals: { food: 6 }
added resource
    [32m  Γ£ö[0m[90m should return dropped resources[0m
    [32m  Γ£ö[0m[90m should handle null globalResourceArray[0m
    [32m  Γ£ö[0m[90m should handle undefined globalResourceArray[0m
[ResourceManager] addGlobalResource: food +1 -> 7
[ResourceManager] totals: { food: 7 }
added resource
    [32m  Γ£ö[0m[90m should handle resources without drop method[0m
[ResourceManager] addGlobalResource: food +1 -> 8
[ResourceManager] totals: { food: 8 }
added resource
    [32m  Γ£ö[0m[90m should handle drop() method throwing error[0m
[ResourceManager] addGlobalResource: food +1 -> 9
[ResourceManager] totals: { food: 9 }
added resource
[ResourceManager] addGlobalResource: food +1 -> 10
[ResourceManager] totals: { food: 10 }
added resource
    [32m  Γ£ö[0m[90m should clear manager resources after processing[0m
[0m    Edge Cases[0m
    [32m  Γ£ö[0m[90m should handle capacity of 0[0m
    [32m  Γ£ö[0m[90m should handle capacity of 1[0m
    [32m  Γ£ö[0m[90m should handle very large capacity[0m
    [32m  Γ£ö[0m[90m should handle negative collection range[0m
    [32m  Γ£ö[0m[90m should handle adding same resource multiple times[0m
    [32m  Γ£ö[0m[90m should maintain state after rapid add/drop cycles[0m
    [32m  Γ£ö[0m[90m should handle entity with only posX[0m
    [32m  Γ£ö[0m[90m should handle entity with getPosition method[0m

[0m  ResourceSystemManager[0m
[0m    Constructor[0m
    [32m  Γ£ö[0m[90m should initialize with default spawn interval[0m
    [32m  Γ£ö[0m[90m should initialize with default max capacity[0m
    [32m  Γ£ö[0m[90m should initialize with custom spawn interval[0m
    [32m  Γ£ö[0m[90m should initialize with custom max capacity[0m
    [32m  Γ£ö[0m[90m should initialize resources array as empty[0m
    [32m  Γ£ö[0m[90m should initialize as inactive[0m
    [32m  Γ£ö[0m[90m should have default resource assets configured[0m
    [32m  Γ£ö[0m[90m should set selectedResourceType to null[0m
    [32m  Γ£ö[0m[90m should initialize with options[0m
[0m    getResourceList()[0m
    [32m  Γ£ö[0m[90m should return empty array initially[0m
    [32m  Γ£ö[0m[90m should return array with resources after adding[0m
    [32m  Γ£ö[0m[90m should return reference to actual array[0m
[0m    addResource()[0m
    [32m  Γ£ö[0m[90m should add resource successfully[0m
    [32m  Γ£ö[0m[90m should add multiple resources[0m
    [32m  Γ£ö[0m[90m should return false when at capacity[0m
    [32m  Γ£ö[0m[90m should handle adding null resource[0m
    [32m  Γ£ö[0m[90m should handle adding undefined resource[0m
[0m    removeResource()[0m
    [32m  Γ£ö[0m[90m should remove resource successfully[0m
    [32m  Γ£ö[0m[90m should return false for non-existent resource[0m
    [32m  Γ£ö[0m[90m should remove correct resource from multiple[0m
    [32m  Γ£ö[0m[90m should handle removing null[0m
    [32m  Γ£ö[0m[90m should handle removing from empty array[0m
[0m    clearAllResources()[0m
    [32m  Γ£ö[0m[90m should clear all resources[0m
    [32m  Γ£ö[0m[90m should return removed resources array[0m
    [32m  Γ£ö[0m[90m should handle clearing empty array[0m
    [32m  Γ£ö[0m[90m should create new empty array[0m
[0m    drawAll()[0m
    [32m  Γ£ö[0m[90m should call render on resources with render method[0m
    [32m  Γ£ö[0m[90m should fallback to draw method if render not available[0m
    [32m  Γ£ö[0m[90m should handle resources without render or draw[0m
    [32m  Γ£ö[0m[90m should handle null resources[0m
    [32m  Γ£ö[0m[90m should handle errors in individual renders[0m
[0m    updateAll()[0m
    [32m  Γ£ö[0m[90m should call update on all resources[0m
    [32m  Γ£ö[0m[90m should handle resources without update method[0m
    [32m  Γ£ö[0m[90m should handle errors in individual updates[0m
[0m    startSpawning()[0m
    [32m  Γ£ö[0m[90m should set isActive to true[0m
    [32m  Γ£ö[0m[90m should create timer[0m
    [32m  Γ£ö[0m[90m should not create multiple timers[0m
    [32m  Γ£ö[0m[90m should handle being called multiple times[0m
[0m    stopSpawning()[0m
    [32m  Γ£ö[0m[90m should set isActive to false[0m
    [32m  Γ£ö[0m[90m should clear timer[0m
    [32m  Γ£ö[0m[90m should handle being called when not active[0m
    [32m  Γ£ö[0m[90m should handle being called multiple times[0m
[0m    spawn()[0m
    [32m  Γ£ö[0m[90m should not spawn when inactive[0m
    [32m  Γ£ö[0m[90m should spawn resource when active[0m
    [32m  Γ£ö[0m[90m should not spawn when at capacity[0m
    [32m  Γ£ö[0m[90m should spawn different resource types[0m
[0m    forceSpawn()[0m
    [32m  Γ£ö[0m[90m should spawn even when inactive[0m
    [32m  Γ£ö[0m[90m should maintain active state[0m
    [32m  Γ£ö[0m[90m should work multiple times[0m
[0m    selectResource()[0m
    [32m  Γ£ö[0m[90m should set selected resource type[0m
    [32m  Γ£ö[0m[90m should change selected resource type[0m
    [32m  Γ£ö[0m[90m should notify resources with setSelected method[0m
    [32m  Γ£ö[0m[90m should handle resources without setSelected[0m
    [32m  Γ£ö[0m[90m should handle null resource type[0m
[0m    getSelectedResourceType()[0m
    [32m  Γ£ö[0m[90m should return null initially[0m
    [32m  Γ£ö[0m[90m should return selected type[0m
    [32m  Γ£ö[0m[90m should return latest selection[0m
[0m    clearResourceSelection()[0m
    [32m  Γ£ö[0m[90m should clear selected resource type[0m
    [32m  Γ£ö[0m[90m should notify resources[0m
    [32m  Γ£ö[0m[90m should handle being called when nothing selected[0m
[0m    isResourceTypeSelected()[0m
    [32m  Γ£ö[0m[90m should return true for selected type[0m
    [32m  Γ£ö[0m[90m should return false for non-selected type[0m
    [32m  Γ£ö[0m[90m should return false when nothing selected[0m
[0m    getSelectedTypeResources()[0m
    [32m  Γ£ö[0m[90m should return empty array when nothing selected[0m
    [32m  Γ£ö[0m[90m should return matching resources[0m
    [32m  Γ£ö[0m[90m should handle null resources[0m
[0m    getResourcesByType()[0m
    [32m  Γ£ö[0m[90m should return resources matching type[0m
    [32m  Γ£ö[0m[90m should return empty array for non-existent type[0m
    [32m  Γ£ö[0m[90m should handle null type[0m
[0m    setFocusedCollection()[0m
    [32m  Γ£ö[0m[90m should enable focused collection[0m
    [32m  Γ£ö[0m[90m should disable focused collection[0m
    [32m  Γ£ö[0m[90m should handle boolean values[0m
[0m    registerResourceType()[0m
    [32m  Γ£ö[0m[90m should register new resource type[0m
    [32m  Γ£ö[0m[90m should require resourceType parameter[0m
    [32m  Γ£ö[0m[90m should require config parameter[0m
    [32m  Γ£ö[0m[90m should require imagePath in config[0m
    [32m  Γ£ö[0m[90m should set default values[0m
    [32m  Γ£ö[0m[90m should use provided values[0m
    [32m  Γ£ö[0m[90m should add to spawn assets when weight > 0[0m
    [32m  Γ£ö[0m[90m should not add to spawn assets when weight is 0[0m
[0m    getRegisteredResourceTypes()[0m
    [32m  Γ£ö[0m[90m should return empty object initially[0m
    [32m  Γ£ö[0m[90m should return registered types[0m
    [32m  Γ£ö[0m[90m should include type configurations[0m
[0m    getSystemStatus()[0m
    [32m  Γ£ö[0m[90m should return status object[0m
    [32m  Γ£ö[0m[90m should include totalResources[0m
    [32m  Γ£ö[0m[90m should include maxCapacity[0m
    [32m  Γ£ö[0m[90m should include capacityUsed percentage[0m
    [32m  Γ£ö[0m[90m should include isSpawningActive[0m
    [32m  Γ£ö[0m[90m should include selectedResourceType[0m
    [32m  Γ£ö[0m[90m should include resourceCounts[0m
[0m    getDebugInfo()[0m
    [32m  Γ£ö[0m[90m should return debug object[0m
    [32m  Γ£ö[0m[90m should include system status[0m
    [32m  Γ£ö[0m[90m should include resourceDetails array[0m
    [32m  Γ£ö[0m[90m should include details for each resource[0m
[0m    update()[0m
    [32m  Γ£ö[0m[90m should call updateAll[0m
[0m    render()[0m
    [32m  Γ£ö[0m[90m should call drawAll[0m
[0m    destroy()[0m
    [32m  Γ£ö[0m[90m should stop spawning[0m
    [32m  Γ£ö[0m[90m should clear all resources[0m
    [32m  Γ£ö[0m[90m should be safe to call multiple times[0m
[0m    Edge Cases[0m
    [32m  Γ£ö[0m[90m should handle rapid add/remove cycles[0m
    [32m  Γ£ö[0m[90m should handle adding at exactly capacity[0m
    [32m  Γ£ö[0m[90m should handle selecting same type multiple times[0m
    [32m  Γ£ö[0m[90m should handle empty resource type string[0m
    [32m  Γ£ö[0m[90m should handle very long resource type names[0m
    [32m  Γ£ö[0m[90m should handle registering same type twice[0m
    [32m  Γ£ö[0m[90m should handle spawning when capacity is 0[0m
    [32m  Γ£ö[0m[90m should handle negative capacity[0m
    [32m  Γ£ö[0m[90m should handle very large capacity[0m
[0m    Integration Scenarios[0m
    [32m  Γ£ö[0m[90m should handle complete lifecycle[0m
    [32m  Γ£ö[0m[90m should maintain state across operations[0m
    [32m  Γ£ö[0m[90m should handle registration and spawning[0m

[0m  SoundManager[0m
[0m    Constructor[0m
    [31m  1) "before each" hook for "should initialize with empty sounds object"[0m

[0m  SpatialGridManager[0m
[0m    Constructor[0m
    [32m  Γ£ö[0m[90m should initialize with empty entities[0m
    [32m  Γ£ö[0m[90m should initialize _allEntities array[0m
    [32m  Γ£ö[0m[90m should initialize _entitiesByType map[0m
    [32m  Γ£ö[0m[90m should initialize stats[0m
    [32m  Γ£ö[0m[90m should create spatial grid[0m
    [32m  Γ£ö[0m[90m should accept custom cell size[0m
[0m    addEntity()[0m
    [32m  Γ£ö[0m[90m should add entity successfully[0m
    [32m  Γ£ö[0m[90m should return false for null entity[0m
    [32m  Γ£ö[0m[90m should return false for undefined entity[0m
    [32m  Γ£ö[0m[90m should add entity to _allEntities array[0m
    [32m  Γ£ö[0m[90m should track entity by type[0m
    [32m  Γ£ö[0m[90m should increment add count[0m
    [32m  Γ£ö[0m[90m should add multiple entities[0m
    [32m  Γ£ö[0m[90m should maintain insertion order[0m
    [32m  Γ£ö[0m[90m should track multiple types[0m
[0m    removeEntity()[0m
    [32m  Γ£ö[0m[90m should remove entity successfully[0m
    [32m  Γ£ö[0m[90m should return false for null entity[0m
    [32m  Γ£ö[0m[90m should remove entity from _allEntities array[0m
    [32m  Γ£ö[0m[90m should remove entity from type tracking[0m
    [32m  Γ£ö[0m[90m should clean up empty type arrays[0m
    [32m  Γ£ö[0m[90m should increment remove count[0m
    [32m  Γ£ö[0m[90m should handle removing non-existent entity[0m
    [32m  Γ£ö[0m[90m should maintain array integrity after removal[0m
[0m    updateEntity()[0m
    [32m  Γ£ö[0m[90m should update entity position[0m
    [32m  Γ£ö[0m[90m should return false for null entity[0m
    [32m  Γ£ö[0m[90m should increment update count[0m
    [32m  Γ£ö[0m[90m should handle multiple updates[0m
[0m    getNearbyEntities()[0m
    [32m  Γ£ö[0m[90m should find entities within radius[0m
    [32m  Γ£ö[0m[90m should filter by type[0m
    [32m  Γ£ö[0m[90m should use custom filter function[0m
    [32m  Γ£ö[0m[90m should combine type and custom filter[0m
    [32m  Γ£ö[0m[90m should increment query count[0m
    [32m  Γ£ö[0m[90m should return empty array when no entities nearby[0m
[0m    getEntitiesInRect()[0m
    [32m  Γ£ö[0m[90m should find entities in rectangle[0m
    [32m  Γ£ö[0m[90m should filter by type[0m
    [32m  Γ£ö[0m[90m should use custom filter[0m
    [32m  Γ£ö[0m[90m should increment query count[0m
    [32m  Γ£ö[0m[90m should return empty array for empty rectangle[0m
[0m    findNearestEntity()[0m
    [32m  Γ£ö[0m[90m should find nearest entity[0m
    [31m  2) should return null when no entities[0m
    [32m  Γ£ö[0m[90m should respect maxRadius[0m
    [32m  Γ£ö[0m[90m should return null when outside maxRadius[0m
    [32m  Γ£ö[0m[90m should filter by type[0m
    [32m  Γ£ö[0m[90m should use custom filter[0m
    [32m  Γ£ö[0m[90m should increment query count[0m
[0m    getAllEntities()[0m
    [32m  Γ£ö[0m[90m should return empty array initially[0m
    [32m  Γ£ö[0m[90m should return all entities[0m
    [32m  Γ£ö[0m[90m should return reference to internal array[0m
[0m    getEntitiesByType()[0m
    [32m  Γ£ö[0m[90m should return entities of specified type[0m
    [32m  Γ£ö[0m[90m should return empty array for non-existent type[0m
    [32m  Γ£ö[0m[90m should return single entity type[0m
[0m    getEntityCount()[0m
    [32m  Γ£ö[0m[90m should return 0 initially[0m
    [32m  Γ£ö[0m[90m should return correct count after adds[0m
    [32m  Γ£ö[0m[90m should return correct count after removes[0m
[0m    getEntityCountByType()[0m
    [32m  Γ£ö[0m[90m should return count for type[0m
    [32m  Γ£ö[0m[90m should return 0 for non-existent type[0m
    [32m  Γ£ö[0m[90m should update after removal[0m
[0m    hasEntity()[0m
    [32m  Γ£ö[0m[90m should return true for managed entity[0m
    [32m  Γ£ö[0m[90m should return false for non-managed entity[0m
    [32m  Γ£ö[0m[90m should return false after removal[0m
[0m    clear()[0m
    [31m  3) should clear all entities[0m
    [31m  4) should clear _allEntities array[0m
    [31m  5) should clear type tracking[0m
    [31m  6) should clear spatial grid[0m
[0m    rebuildGrid()[0m
    [32m  Γ£ö[0m[90m should rebuild grid from entities[0m
    [32m  Γ£ö[0m[90m should maintain entity count[0m
    [32m  Γ£ö[0m[90m should work after clearing grid manually[0m
[0m    getStats()[0m
    [32m  Γ£ö[0m[90m should return statistics object[0m
    [32m  Γ£ö[0m[90m should track operations[0m
    [32m  Γ£ö[0m[90m should include grid stats[0m
[0m    getGrid()[0m
    [32m  Γ£ö[0m[90m should return spatial grid instance[0m
[0m    Edge Cases[0m
    [32m  Γ£ö[0m[90m should handle adding same entity twice[0m
    [32m  Γ£ö[0m[90m should handle rapid add/remove cycles[0m
    [32m  Γ£ö[0m[90m should handle entities with no type[0m
    [32m  Γ£ö[0m[90m should handle large number of entities[0m
    [32m  Γ£ö[0m[90m should handle queries with no results[0m

[0m  TaskManager smoke[0m
  [36m  - constructs and can add a task[0m

[0m  TileInteractionManager[0m
[0m    Constructor[0m
    [32m  Γ£ö[0m[90m should initialize with tile size[0m
    [32m  Γ£ö[0m[90m should initialize with grid dimensions[0m
    [32m  Γ£ö[0m[90m should initialize empty tile map[0m
    [32m  Γ£ö[0m[90m should initialize empty UI elements array[0m
    [32m  Γ£ö[0m[90m should initialize with debug disabled[0m
[0m    pixelToTile()[0m
    [32m  Γ£ö[0m[90m should convert pixel to tile coordinates[0m
    [32m  Γ£ö[0m[90m should calculate tile center[0m
    [32m  Γ£ö[0m[90m should handle 0,0 coordinates[0m
    [32m  Γ£ö[0m[90m should handle negative coordinates[0m
    [32m  Γ£ö[0m[90m should handle large coordinates[0m
    [32m  Γ£ö[0m[90m should handle fractional coordinates[0m
[0m    getTileKey()[0m
    [32m  Γ£ö[0m[90m should create tile key string[0m
    [32m  Γ£ö[0m[90m should handle 0,0 coordinates[0m
    [32m  Γ£ö[0m[90m should handle negative coordinates[0m
    [32m  Γ£ö[0m[90m should create unique keys for different tiles[0m
[0m    isValidTile()[0m
    [32m  Γ£ö[0m[90m should return true for valid tiles[0m
    [32m  Γ£ö[0m[90m should return false for negative coordinates[0m
    [32m  Γ£ö[0m[90m should return false for out-of-bounds coordinates[0m
    [32m  Γ£ö[0m[90m should validate upper bounds correctly[0m
[0m    addObjectToTile()[0m
    [32m  Γ£ö[0m[90m should add object to tile[0m
    [32m  Γ£ö[0m[90m should not add to invalid tile[0m
    [32m  Γ£ö[0m[90m should not add duplicate objects[0m
    [32m  Γ£ö[0m[90m should sort objects by z-index[0m
    [32m  Γ£ö[0m[90m should handle objects with no z-index[0m
    [32m  Γ£ö[0m[90m should add to multiple tiles[0m
[0m    removeObjectFromTile()[0m
    [32m  Γ£ö[0m[90m should remove object from tile[0m
    [32m  Γ£ö[0m[90m should keep other objects in tile[0m
    [32m  Γ£ö[0m[90m should clean up empty tiles[0m
    [32m  Γ£ö[0m[90m should handle removing non-existent object[0m
    [32m  Γ£ö[0m[90m should handle removing from non-existent tile[0m
[0m    updateObjectPosition()[0m
    [32m  Γ£ö[0m[90m should move object to new tile[0m
    [32m  Γ£ö[0m[90m should handle undefined old coordinates[0m
    [32m  Γ£ö[0m[90m should work with debug enabled[0m
[0m    getObjectsAtPixel()[0m
    [32m  Γ£ö[0m[90m should return objects at pixel location[0m
    [32m  Γ£ö[0m[90m should return empty array for empty tile[0m
    [32m  Γ£ö[0m[90m should handle edge coordinates[0m
[0m    getObjectsInTile()[0m
    [32m  Γ£ö[0m[90m should return all objects in tile[0m
    [32m  Γ£ö[0m[90m should return empty array for empty tile[0m
    [32m  Γ£ö[0m[90m should return objects sorted by z-index[0m
[0m    registerUIElement()[0m
    [32m  Γ£ö[0m[90m should register UI element[0m
    [32m  Γ£ö[0m[90m should register with priority[0m
    [32m  Γ£ö[0m[90m should default priority to 0[0m
    [32m  Γ£ö[0m[90m should sort by priority descending[0m
    [32m  Γ£ö[0m[90m should register multiple UI elements[0m
[0m    unregisterUIElement()[0m
    [32m  Γ£ö[0m[90m should remove UI element[0m
    [32m  Γ£ö[0m[90m should handle removing non-existent element[0m
    [32m  Γ£ö[0m[90m should keep other elements[0m
[0m    handleMouseClick()[0m
    [32m  Γ£ö[0m[90m should prioritize UI elements[0m
    [32m  Γ£ö[0m[90m should handle object clicks[0m
    [32m  Γ£ö[0m[90m should return tile center for valid clicks[0m
    [32m  Γ£ö[0m[90m should handle clicks on empty tiles[0m
    [32m  Γ£ö[0m[90m should handle invalid tile clicks[0m
    [32m  Γ£ö[0m[90m should handle different mouse buttons[0m
    [32m  Γ£ö[0m[90m should work with debug enabled[0m
[0m    handleMouseRelease()[0m
    [32m  Γ£ö[0m[90m should check objects at pixel[0m
    [32m  Γ£ö[0m[90m should return false when no objects handle release[0m
[0m    handleTileClick()[0m
    [32m  Γ£ö[0m[90m should be overridable[0m
    [32m  Γ£ö[0m[90m should handle different buttons[0m
[0m    setDebugEnabled()[0m
    [32m  Γ£ö[0m[90m should enable debug mode[0m
    [32m  Γ£ö[0m[90m should disable debug mode[0m
[0m    getDebugInfo()[0m
    [32m  Γ£ö[0m[90m should return debug information[0m
    [32m  Γ£ö[0m[90m should count occupied tiles correctly[0m
    [32m  Γ£ö[0m[90m should count total objects correctly[0m
    [32m  Γ£ö[0m[90m should count UI elements[0m
    [32m  Γ£ö[0m[90m should include grid size[0m
[0m    clear()[0m
    [32m  Γ£ö[0m[90m should clear all objects[0m
    [32m  Γ£ö[0m[90m should clear UI elements[0m
    [32m  Γ£ö[0m[90m should result in empty debug info[0m
[0m    addObject()[0m
    [32m  Γ£ö[0m[90m should add object at its position[0m
    [32m  Γ£ö[0m[90m should handle null object[0m
    [32m  Γ£ö[0m[90m should handle object without position[0m
    [32m  Γ£ö[0m[90m should use getPosition if available[0m
    [32m  Γ£ö[0m[90m should use sprite.pos as fallback[0m
[0m    Edge Cases[0m
    [32m  Γ£ö[0m[90m should handle very large grid[0m
    [32m  Γ£ö[0m[90m should handle small tile size[0m
    [32m  Γ£ö[0m[90m should handle many objects in one tile[0m
    [32m  Γ£ö[0m[90m should handle rapid add/remove cycles[0m

[0m  EffectsLayerRenderer[0m
[0m    Constructor[0m
    [32m  Γ£ö[0m[90m should initialize with default configuration[0m
    [32m  Γ£ö[0m[90m should initialize particle pools[0m
    [32m  Γ£ö[0m[90m should initialize active effects arrays[0m
    [32m  Γ£ö[0m[90m should initialize selection box state[0m
    [32m  Γ£ö[0m[90m should initialize effect types registry with Map[0m
    [32m  Γ£ö[0m[90m should register combat effect types[0m
    [32m  Γ£ö[0m[90m should register environmental effect types[0m
    [32m  Γ£ö[0m[90m should register interactive effect types[0m
    [32m  Γ£ö[0m[90m should register visual effect types[0m
    [32m  Γ£ö[0m[90m should register audio effect types[0m
    [32m  Γ£ö[0m[90m should initialize screen effects state[0m
    [32m  Γ£ö[0m[90m should initialize performance stats[0m
[0m    Particle Effect Creation[0m
    [32m  Γ£ö[0m[90m should create blood splatter effect[0m
    [32m  Γ£ö[0m[90m should create impact sparks effect[0m
    [32m  Γ£ö[0m[90m should create dust cloud effect[0m
    [32m  Γ£ö[0m[90m should create selection sparkle effect[0m
    [32m  Γ£ö[0m[90m should use default particle count if not specified[0m
    [32m  Γ£ö[0m[90m should set effect position correctly[0m
    [32m  Γ£ö[0m[90m should apply custom particle color[0m
    [32m  Γ£ö[0m[90m should add effect to active list[0m
    [32m  Γ£ö[0m[90m should warn on unknown effect type[0m
[0m    Visual Effect Creation[0m
    [32m  Γ£ö[0m[90m should create screen shake effect[0m
    [32m  Γ£ö[0m[90m should use default intensity for screen shake[0m
    [32m  Γ£ö[0m[90m should create fade transition effect[0m
    [32m  Γ£ö[0m[90m should create damage flash effect[0m
    [32m  Γ£ö[0m[90m should use default flash color[0m
[0m    Audio Effect Creation[0m
    [32m  Γ£ö[0m[90m should create audio effect[0m
    [32m  Γ£ö[0m[90m should use default audio volume[0m
    [32m  Γ£ö[0m[90m should add audio effect to active list[0m
[0m    Particle Update Methods[0m
    [31m  7) should update blood splatter particles[0m
    [32m  Γ£ö[0m[90m should update impact sparks particles[0m
    [32m  Γ£ö[0m[90m should update dust cloud particles[0m
    [31m  8) should remove dead particles[0m
    [32m  Γ£ö[0m[90m should return false when effect expires[0m
    [32m  Γ£ö[0m[90m should update selection sparkle particles with orbital motion[0m
    [32m  Γ£ö[0m[90m should update gathering sparkle with spiral inward motion[0m
    [32m  Γ£ö[0m[90m should use generic particle update for unknown types[0m
[0m    Visual Effect Updates[0m
    [32m  Γ£ö[0m[90m should update screen shake[0m
    [32m  Γ£ö[0m[90m should deactivate screen shake when expired[0m
    [32m  Γ£ö[0m[90m should update screen fade alpha[0m
    [32m  Γ£ö[0m[90m should deactivate screen fade when expired[0m
    [32m  Γ£ö[0m[90m should update screen flash alpha[0m
    [32m  Γ£ö[0m[90m should track active visual effects count[0m
[0m    Audio Effect Updates[0m
    [32m  Γ£ö[0m[90m should update audio effects time[0m
    [32m  Γ£ö[0m[90m should remove expired audio effects[0m
    [32m  Γ£ö[0m[90m should track active audio effects count[0m
[0m    Particle Pooling System[0m
    [32m  Γ£ö[0m[90m should get particle from pool when available[0m
    [32m  Γ£ö[0m[90m should return null when pool is empty[0m
    [32m  Γ£ö[0m[90m should return particle to pool[0m
    [32m  Γ£ö[0m[90m should create new pool category if needed[0m
    [32m  Γ£ö[0m[90m should create new particle effect when pool empty[0m
[0m    Selection Box System[0m
    [32m  Γ£ö[0m[90m should start selection box[0m
    [32m  Γ£ö[0m[90m should apply custom selection box styling[0m
    [32m  Γ£ö[0m[90m should call onStart callback when starting selection[0m
    [32m  Γ£ö[0m[90m should update selection box end position[0m
    [32m  Γ£ö[0m[90m should call onUpdate callback when updating selection[0m
    [32m  Γ£ö[0m[90m should not update if selection is not active[0m
    [32m  Γ£ö[0m[90m should end selection box and return entities[0m
    [32m  Γ£ö[0m[90m should call onEnd callback when ending selection[0m
    [32m  Γ£ö[0m[90m should return empty array if selection not active[0m
    [32m  Γ£ö[0m[90m should cancel selection box without callbacks[0m
    [32m  Γ£ö[0m[90m should get selection box bounds[0m
    [32m  Γ£ö[0m[90m should return null bounds if selection not active[0m
    [32m  Γ£ö[0m[90m should set entity list for selection detection[0m
    [32m  Γ£ö[0m[90m should detect entity in selection box[0m
    [32m  Γ£ö[0m[90m should detect entity outside selection box[0m
    [32m  Γ£ö[0m[90m should chain selection box methods[0m
[0m    Convenience Methods[0m
    [32m  Γ£ö[0m[90m should create blood splatter with convenience method[0m
    [32m  Γ£ö[0m[90m should create impact sparks with convenience method[0m
    [32m  Γ£ö[0m[90m should create dust cloud with convenience method[0m
    [32m  Γ£ö[0m[90m should create screen shake with convenience method[0m
    [32m  Γ£ö[0m[90m should create damage flash with convenience method[0m
    [32m  Γ£ö[0m[90m should create fade transition with convenience method[0m
    [32m  Γ£ö[0m[90m should create flash effect with backwards compatibility[0m
    [32m  Γ£ö[0m[90m should spawn particle burst[0m
[0m    Visual Effect Helpers[0m
    [32m  Γ£ö[0m[90m should add visual effect with screen shake type[0m
    [32m  Γ£ö[0m[90m should add visual effect with screen flash type[0m
    [32m  Γ£ö[0m[90m should add custom visual effect to active list[0m
    [32m  Γ£ö[0m[90m should generate unique ID for visual effects[0m
[0m    Configuration and Stats[0m
    [32m  Γ£ö[0m[90m should update configuration[0m
    [32m  Γ£ö[0m[90m should get stats copy[0m
    [32m  Γ£ö[0m[90m should get active particles count[0m
    [32m  Γ£ö[0m[90m should get active effects summary[0m
    [32m  Γ£ö[0m[90m should get configuration copy[0m
    [32m  Γ£ö[0m[90m should set and return new configuration[0m
    [32m  Γ£ö[0m[90m should toggle particles enabled[0m
    [32m  Γ£ö[0m[90m should toggle particles with explicit parameter[0m
    [32m  Γ£ö[0m[90m should clear all effects[0m
[0m    Main Render Method[0m
    [32m  Γ£ö[0m[90m should track render time[0m
    [32m  Γ£ö[0m[90m should skip particles if disabled[0m
    [32m  Γ£ö[0m[90m should skip visual effects if disabled[0m
    [32m  Γ£ö[0m[90m should skip audio effects if disabled[0m
[0m    Edge Cases[0m
    [32m  Γ£ö[0m[90m should handle null particle pools gracefully[0m
    [32m  Γ£ö[0m[90m should handle empty effect type in particle update[0m
    [32m  Γ£ö[0m[90m should handle missing entity properties in selection detection[0m
    [32m  Γ£ö[0m[90m should handle very large particle counts[0m
    [32m  Γ£ö[0m[90m should handle negative coordinates[0m
    [32m  Γ£ö[0m[90m should handle zero duration effects[0m
[0m    Integration Scenarios[0m
    [32m  Γ£ö[0m[90m should handle full particle lifecycle[0m
    [32m  Γ£ö[0m[90m should manage multiple concurrent effects[0m
    [32m  Γ£ö[0m[90m should handle full selection box workflow[0m

[0m  EntityAccessor[0m
[0m    getPosition()[0m
    [32m  Γ£ö[0m[90m should return default position for null entity[0m
    [32m  Γ£ö[0m[90m should return default position for undefined entity[0m
    [32m  Γ£ö[0m[90m should use getPosition() method when available[0m
    [32m  Γ£ö[0m[90m should use position property when getPosition not available[0m
    [32m  Γ£ö[0m[90m should prefer getPosition() over position property[0m
    [32m  Γ£ö[0m[90m should use _sprite.pos when position not available[0m
    [32m  Γ£ö[0m[90m should use sprite.pos when _sprite not available[0m
    [32m  Γ£ö[0m[90m should use posX/posY properties as fallback[0m
    [32m  Γ£ö[0m[90m should use x/y properties as final fallback[0m
    [32m  Γ£ö[0m[90m should handle entity with only x coordinate[0m
    [32m  Γ£ö[0m[90m should handle entity with only y coordinate[0m
    [32m  Γ£ö[0m[90m should handle zero coordinates[0m
    [32m  Γ£ö[0m[90m should handle negative coordinates[0m
    [32m  Γ£ö[0m[90m should handle very large coordinates[0m
[0m    getSize()[0m
    [32m  Γ£ö[0m[90m should return default size for null entity[0m
    [32m  Γ£ö[0m[90m should return default size for undefined entity[0m
    [32m  Γ£ö[0m[90m should use getSize() method when available[0m
    [32m  Γ£ö[0m[90m should use size property with x/y format[0m
    [32m  Γ£ö[0m[90m should use size property with width/height format[0m
    [32m  Γ£ö[0m[90m should prefer x/y over width/height in size property[0m
    [32m  Γ£ö[0m[90m should prefer getSize() over size property[0m
    [32m  Γ£ö[0m[90m should use _sprite.size when size not available[0m
    [32m  Γ£ö[0m[90m should use sprite.size when _sprite not available[0m
    [32m  Γ£ö[0m[90m should use sizeX/sizeY properties as fallback[0m
    [32m  Γ£ö[0m[90m should use width/height properties as final fallback[0m
    [32m  Γ£ö[0m[90m should handle entity with only width[0m
    [32m  Γ£ö[0m[90m should handle entity with only height[0m
    [32m  Γ£ö[0m[90m should handle zero size[0m
    [32m  Γ£ö[0m[90m should handle very large size[0m
    [32m  Γ£ö[0m[90m should handle partial size property (x only)[0m
    [32m  Γ£ö[0m[90m should handle partial size property (y only)[0m
[0m    getSizeWH()[0m
    [32m  Γ£ö[0m[90m should return size with width/height properties[0m
    [32m  Γ£ö[0m[90m should convert x/y to width/height[0m
    [32m  Γ£ö[0m[90m should return default size in width/height format[0m
    [32m  Γ£ö[0m[90m should handle mixed format (x and height)[0m
    [32m  Γ£ö[0m[90m should handle mixed format (width and y)[0m
[0m    getCenter()[0m
    [32m  Γ£ö[0m[90m should calculate center from position and size[0m
    [32m  Γ£ö[0m[90m should use default values for null entity[0m
    [32m  Γ£ö[0m[90m should handle zero position[0m
    [32m  Γ£ö[0m[90m should handle negative position[0m
    [32m  Γ£ö[0m[90m should handle odd sizes correctly[0m
    [32m  Γ£ö[0m[90m should work with getPosition/getSize methods[0m
[0m    hasPosition()[0m
    [32m  Γ£ö[0m[90m should return false for null entity[0m
    [32m  Γ£ö[0m[90m should return false for undefined entity[0m
    [32m  Γ£ö[0m[90m should return true when getPosition exists[0m
    [32m  Γ£ö[0m[90m should return true when position property exists[0m
    [32m  Γ£ö[0m[90m should return true when _sprite.pos exists[0m
    [32m  Γ£ö[0m[90m should return true when sprite.pos exists[0m
    [32m  Γ£ö[0m[90m should return true when posX/posY exist[0m
    [32m  Γ£ö[0m[90m should return true when x/y exist[0m
    [32m  Γ£ö[0m[90m should return false when only x exists[0m
    [32m  Γ£ö[0m[90m should return false when only y exists[0m
    [32m  Γ£ö[0m[90m should return false for empty object[0m
    [32m  Γ£ö[0m[90m should return true for x/y even if zero[0m
[0m    hasSize()[0m
    [32m  Γ£ö[0m[90m should return false for null entity[0m
    [32m  Γ£ö[0m[90m should return false for undefined entity[0m
    [32m  Γ£ö[0m[90m should return true when getSize exists[0m
    [32m  Γ£ö[0m[90m should return true when size property exists[0m
    [32m  Γ£ö[0m[90m should return true when _sprite.size exists[0m
    [32m  Γ£ö[0m[90m should return true when sprite.size exists[0m
    [32m  Γ£ö[0m[90m should return true when sizeX/sizeY exist[0m
    [32m  Γ£ö[0m[90m should return true when width/height exist[0m
    [32m  Γ£ö[0m[90m should return false when only width exists[0m
    [32m  Γ£ö[0m[90m should return false when only height exists[0m
    [32m  Γ£ö[0m[90m should return false for empty object[0m
    [32m  Γ£ö[0m[90m should return true for width/height even if zero[0m
[0m    getBounds()[0m
    [32m  Γ£ö[0m[90m should return bounds with x, y, width, height[0m
    [32m  Γ£ö[0m[90m should use default values for null entity[0m
    [32m  Γ£ö[0m[90m should handle getPosition/getSize methods[0m
    [32m  Γ£ö[0m[90m should handle negative coordinates[0m
    [32m  Γ£ö[0m[90m should handle zero size[0m
    [32m  Γ£ö[0m[90m should handle position from one source and size from another[0m
[0m    Fallback Chain Priority[0m
    [32m  Γ£ö[0m[90m should follow correct position priority chain[0m
    [32m  Γ£ö[0m[90m should follow correct size priority chain[0m
[0m    Edge Cases and Integration[0m
    [32m  Γ£ö[0m[90m should handle entity with mixed position/size formats[0m
    [32m  Γ£ö[0m[90m should handle entity with partial sprite data[0m
    [32m  Γ£ö[0m[90m should handle entity with function-based properties[0m
    [32m  Γ£ö[0m[90m should handle very large numbers without precision loss[0m
    [32m  Γ£ö[0m[90m should handle fractional coordinates and sizes[0m

[0m  EntityDelegationBuilder[0m
[0m    Configuration Exports[0m
    [32m  Γ£ö[0m[90m should export EntityDelegationBuilder class[0m
    [32m  Γ£ö[0m[90m should export STANDARD_ENTITY_API_CONFIG[0m
    [32m  Γ£ö[0m[90m should export MINIMAL_ENTITY_API_CONFIG[0m
    [32m  Γ£ö[0m[90m should export ADVANCED_ENTITY_API_CONFIG[0m
[0m    createDelegationMethods()[0m
    [32m  Γ£ö[0m[90m should create delegation methods on prototype[0m
    [32m  Γ£ö[0m[90m should delegate method calls to controller[0m
    [32m  Γ£ö[0m[90m should pass arguments to delegated methods[0m
    [32m  Γ£ö[0m[90m should handle multiple arguments[0m
    [32m  Γ£ö[0m[90m should warn when controller not available[0m
    [32m  Γ£ö[0m[90m should warn when method not available on controller[0m
    [32m  Γ£ö[0m[90m should support namespace parameter[0m
[0m    createNamespaceDelegation()[0m
    [32m  Γ£ö[0m[90m should create namespace property on prototype[0m
    [32m  Γ£ö[0m[90m should create methods within namespace[0m
    [32m  Γ£ö[0m[90m should delegate namespace method calls[0m
    [32m  Γ£ö[0m[90m should support multiple namespaces[0m
    [32m  Γ£ö[0m[90m should cache namespace object per instance[0m
[0m    createChainableAPI()[0m
    [32m  Γ£ö[0m[90m should create chainable namespace[0m
    [32m  Γ£ö[0m[90m should allow method chaining[0m
    [32m  Γ£ö[0m[90m should return value for non-chainable methods[0m
    [32m  Γ£ö[0m[90m should default to chainable if not specified[0m
[0m    createPropertyAPI()[0m
    [32m  Γ£ö[0m[90m should create property namespace[0m
    [32m  Γ£ö[0m[90m should create getter properties[0m
    [32m  Γ£ö[0m[90m should create setter properties[0m
    [32m  Γ£ö[0m[90m should support custom getter/setter names[0m
[0m    setupEntityAPI()[0m
    [32m  Γ£ö[0m[90m should setup namespaces from config[0m
    [32m  Γ£ö[0m[90m should setup direct methods from config[0m
    [32m  Γ£ö[0m[90m should setup properties from config[0m
    [32m  Γ£ö[0m[90m should handle empty config[0m
    [32m  Γ£ö[0m[90m should use custom controller property name[0m
[0m    createNamespaceAPI()[0m
    [31m  9) should create namespace with statistics tracking[0m
    [32m  Γ£ö[0m[90m should track class names in statistics[0m
    [31m  10) should track methods per class[0m
[0m    validateDelegationConfig()[0m
    [32m  Γ£ö[0m[90m should validate valid configuration[0m
    [32m  Γ£ö[0m[90m should reject null configuration[0m
    [32m  Γ£ö[0m[90m should reject undefined configuration[0m
    [32m  Γ£ö[0m[90m should reject non-object configuration[0m
    [32m  Γ£ö[0m[90m should reject invalid namespace structure[0m
    [32m  Γ£ö[0m[90m should accept null method values[0m
    [32m  Γ£ö[0m[90m should accept string method values[0m
    [32m  Γ£ö[0m[90m should accept function method values[0m
[0m    validateControllerMethods()[0m
    [32m  Γ£ö[0m[90m should identify available methods[0m
    [32m  Γ£ö[0m[90m should identify missing methods[0m
    [32m  Γ£ö[0m[90m should detect when controller exists[0m
    [32m  Γ£ö[0m[90m should detect when controller missing[0m
[0m    createAdvancedDelegation()[0m
    [32m  Γ£ö[0m[90m should support method transforms[0m
    [32m  Γ£ö[0m[90m should support conditional delegation[0m
    [32m  Γ£ö[0m[90m should support warn error handling[0m
    [32m  Γ£ö[0m[90m should support silent error handling[0m
[0m    Delegation Statistics[0m
    [32m  Γ£ö[0m[90m should initialize statistics[0m
    [31m  11) should track total delegated methods[0m
    [32m  Γ£ö[0m[90m should reset statistics[0m
[0m    Predefined Configurations[0m
    [32m  Γ£ö[0m[90m STANDARD_ENTITY_API_CONFIG should have highlight namespace[0m
    [32m  Γ£ö[0m[90m STANDARD_ENTITY_API_CONFIG should have effects namespace[0m
    [32m  Γ£ö[0m[90m STANDARD_ENTITY_API_CONFIG should have rendering namespace[0m
    [32m  Γ£ö[0m[90m STANDARD_ENTITY_API_CONFIG should have properties config[0m
    [32m  Γ£ö[0m[90m STANDARD_ENTITY_API_CONFIG should have chainable config[0m
    [32m  Γ£ö[0m[90m STANDARD_ENTITY_API_CONFIG should have direct methods[0m
    [32m  Γ£ö[0m[90m MINIMAL_ENTITY_API_CONFIG should be subset of STANDARD[0m
    [32m  Γ£ö[0m[90m ADVANCED_ENTITY_API_CONFIG should extend STANDARD with additional namespaces[0m
    [32m  Γ£ö[0m[90m ADVANCED_ENTITY_API_CONFIG should include STANDARD namespaces[0m
[0m    Edge Cases and Integration[0m
    [32m  Γ£ö[0m[90m should handle class without constructor[0m
    [32m  Γ£ö[0m[90m should handle multiple instances sharing prototype methods[0m
    [32m  Γ£ö[0m[90m should handle delegating to same method from multiple namespaces[0m
    [32m  Γ£ö[0m[90m should handle very long method names[0m
    [32m  Γ£ö[0m[90m should handle delegating methods that return undefined[0m
    [32m  Γ£ö[0m[90m should handle delegating methods that throw errors[0m
    [32m  Γ£ö[0m[90m should preserve method context in delegated calls[0m

[0m  EntityLayerRenderer (EntityRenderer)[0m
[0m    Constructor[0m
    [32m  Γ£ö[0m[90m should initialize render groups[0m
    [32m  Γ£ö[0m[90m should initialize with default configuration[0m
    [32m  Γ£ö[0m[90m should initialize performance stats[0m
    [32m  Γ£ö[0m[90m should have exactly 5 render groups[0m
[0m    Entity Collection[0m
    [32m  Γ£ö[0m[90m should collect resources from global resource list[0m
    [32m  Γ£ö[0m[90m should collect ants from global ants array[0m
    [32m  Γ£ö[0m[90m should collect buildings from global Buildings array[0m
    [32m  Γ£ö[0m[90m should skip null entities in ants array[0m
    [32m  Γ£ö[0m[90m should call updateAll on resources in PLAYING state[0m
    [32m  Γ£ö[0m[90m should call antsUpdate in PLAYING state[0m
    [32m  Γ£ö[0m[90m should call building update in PLAYING state[0m
    [32m  Γ£ö[0m[90m should handle missing resource list gracefully[0m
    [32m  Γ£ö[0m[90m should clear render groups before collecting[0m
[0m    Frustum Culling[0m
    [32m  Γ£ö[0m[90m should render entity within viewport[0m
    [32m  Γ£ö[0m[90m should cull entity outside viewport[0m
    [32m  Γ£ö[0m[90m should render entity partially in viewport[0m
    [32m  Γ£ö[0m[90m should respect cull margin[0m
    [32m  Γ£ö[0m[90m should skip culling when disabled[0m
    [32m  Γ£ö[0m[90m should not render inactive entities[0m
    [32m  Γ£ö[0m[90m should render when position cannot be determined[0m
[0m    Depth Sorting[0m
    [32m  Γ£ö[0m[90m should sort entities by Y position (depth)[0m
    [32m  Γ£ö[0m[90m should sort all render groups[0m
    [31m  12) should skip sorting when disabled[0m
    [32m  Γ£ö[0m[90m should handle entities with same depth[0m
[0m    Entity Position and Size[0m
    [32m  Γ£ö[0m[90m should get entity position using EntityAccessor[0m
    [32m  Γ£ö[0m[90m should get entity size using EntityAccessor[0m
    [32m  Γ£ö[0m[90m should get entity depth from Y position[0m
    [32m  Γ£ö[0m[90m should use 0 depth if position unavailable[0m
[0m    Render Group Management[0m
    [32m  Γ£ö[0m[90m should clear all render groups[0m
    [32m  Γ£ö[0m[90m should render standard group with render method[0m
    [32m  Γ£ö[0m[90m should skip entities without render method[0m
    [32m  Γ£ö[0m[90m should handle render errors gracefully[0m
    [32m  Γ£ö[0m[90m should use batched rendering for large groups[0m
    [32m  Γ£ö[0m[90m should use standard rendering for small groups[0m
    [32m  Γ£ö[0m[90m should skip empty groups[0m
[0m    Performance Monitoring Integration[0m
    [32m  Γ£ö[0m[90m should track render phases with performance monitor[0m
    [32m  Γ£ö[0m[90m should record entity stats with performance monitor[0m
    [32m  Γ£ö[0m[90m should finalize entity performance[0m
    [32m  Γ£ö[0m[90m should track entity render time[0m
    [32m  Γ£ö[0m[90m should work without performance monitor[0m
[0m    Main Render Method[0m
    [32m  Γ£ö[0m[90m should reset stats at start of render[0m
    [32m  Γ£ö[0m[90m should track render time[0m
    [32m  Γ£ö[0m[90m should store last frame stats[0m
    [32m  Γ£ö[0m[90m should render all groups in correct order[0m
    [32m  Γ£ö[0m[90m should sort entities when depth sorting enabled[0m
[0m    Performance Statistics[0m
    [32m  Γ£ö[0m[90m should calculate cull efficiency[0m
    [32m  Γ£ö[0m[90m should calculate render efficiency[0m
    [32m  Γ£ö[0m[90m should handle zero total entities[0m
    [32m  Γ£ö[0m[90m should include all stats properties[0m
[0m    Configuration[0m
    [32m  Γ£ö[0m[90m should update configuration[0m
    [32m  Γ£ö[0m[90m should preserve unmodified config values[0m
[0m    Entity Type Breakdown[0m
    [32m  Γ£ö[0m[90m should get entity type breakdown[0m
    [32m  Γ£ö[0m[90m should handle mixed entity types[0m
    [32m  Γ£ö[0m[90m should return empty breakdown when no entities[0m
[0m    Edge Cases[0m
    [32m  Γ£ö[0m[90m should handle null entities gracefully[0m
    [32m  Γ£ö[0m[90m should handle undefined entities gracefully[0m
    [32m  Γ£ö[0m[90m should handle entities without position[0m
    [32m  Γ£ö[0m[90m should handle entities without size[0m
    [32m  Γ£ö[0m[90m should handle very large coordinates[0m
    [32m  Γ£ö[0m[90m should handle negative coordinates[0m
    [32m  Γ£ö[0m[90m should handle zero-size entities[0m
    [32m  Γ£ö[0m[90m should handle empty Buildings array[0m
    [32m  Γ£ö[0m[90m should handle undefined Buildings[0m
[0m    Integration Scenarios[0m
    [31m  13) should handle full render cycle with mixed entities[0m
    [31m  14) should cull off-screen entities correctly[0m
    [32m  Γ£ö[0m[90m should maintain render order with depth sorting[0m
    [32m  Γ£ö[0m[90m should handle entities appearing and disappearing[0m

[0m  PerformanceMonitor[0m
[0m    Constructor and Initialization[0m
    [32m  Γ£ö[0m[90m should initialize with default frame data[0m
    [32m  Γ£ö[0m[90m should initialize with default layer timing[0m
    [32m  Γ£ö[0m[90m should initialize with default entity stats[0m
    [32m  Γ£ö[0m[90m should initialize with default performance metrics[0m
    [32m  Γ£ö[0m[90m should initialize with default debug display settings[0m
    [32m  Γ£ö[0m[90m should detect memory tracking availability[0m
    [32m  Γ£ö[0m[90m should initialize entity performance tracking[0m
    [32m  Γ£ö[0m[90m should accept custom configuration[0m
[0m    Frame Timing[0m
    [32m  Γ£ö[0m[90m should start frame timing[0m
    [32m  Γ£ö[0m[90m should end frame timing[0m
    [32m  Γ£ö[0m[90m should calculate frame time[0m
    [32m  Γ£ö[0m[90m should update frame history[0m
    [32m  Γ£ö[0m[90m should handle multiple frames[0m
    [32m  Γ£ö[0m[90m should update memory tracking on startFrame[0m
    [32m  Γ£ö[0m[90m should track peak memory[0m
    [32m  Γ£ö[0m[90m should reset layer timing on startFrame[0m
[0m    Layer Timing[0m
    [32m  Γ£ö[0m[90m should start layer timing[0m
    [32m  Γ£ö[0m[90m should end layer timing[0m
    [32m  Γ£ö[0m[90m should track layer history[0m
    [32m  Γ£ö[0m[90m should limit layer history to 30 measurements[0m
    [32m  Γ£ö[0m[90m should get layer statistics[0m
    [32m  Γ£ö[0m[90m should return zero stats for unknown layer[0m
    [32m  Γ£ö[0m[90m should handle multiple layers simultaneously[0m
    [32m  Γ£ö[0m[90m should only end timing for matching layer[0m
    [32m  Γ£ö[0m[90m should use startLayerTiming method[0m
    [32m  Γ£ö[0m[90m should use endLayerTiming method[0m
    [32m  Γ£ö[0m[90m should return 0 if endLayerTiming called without start[0m
[0m    Entity Statistics[0m
    [32m  Γ£ö[0m[90m should record entity statistics[0m
    [32m  Γ£ö[0m[90m should update entity types[0m
    [32m  Γ£ö[0m[90m should get entity statistics[0m
    [32m  Γ£ö[0m[90m should calculate culling efficiency[0m
    [32m  Γ£ö[0m[90m should handle zero entities gracefully[0m
    [32m  Γ£ö[0m[90m should update lastUpdate timestamp[0m
[0m    Entity Performance Tracking[0m
    [32m  Γ£ö[0m[90m should start render phase[0m
    [32m  Γ£ö[0m[90m should end render phase[0m
    [32m  Γ£ö[0m[90m should track all render phases[0m
    [32m  Γ£ö[0m[90m should start entity render timing[0m
    [32m  Γ£ö[0m[90m should end entity render timing[0m
    [31m  15) should track entity type timings[0m
    [32m  Γ£ö[0m[90m should track slowest entities[0m
    [32m  Γ£ö[0m[90m should limit slowest entities list[0m
    [32m  Γ£ö[0m[90m should finalize entity performance[0m
    [32m  Γ£ö[0m[90m should clear current frame data after finalize[0m
    [32m  Γ£ö[0m[90m should preserve last frame data for display[0m
    [32m  Γ£ö[0m[90m should calculate type averages[0m
    [31m  16) should maintain type history[0m
    [31m  17) should limit type history to 30 frames[0m
    [32m  Γ£ö[0m[90m should get entity performance report[0m
    [32m  Γ£ö[0m[90m should handle entity without explicit ID[0m
    [32m  Γ£ö[0m[90m should handle entity with constructor name[0m
[0m    Performance Metrics[0m
    [32m  Γ£ö[0m[90m should update performance metrics[0m
    [32m  Γ£ö[0m[90m should detect GOOD performance level[0m
    [32m  Γ£ö[0m[90m should detect FAIR performance level[0m
    [32m  Γ£ö[0m[90m should detect POOR performance level[0m
    [32m  Γ£ö[0m[90m should calculate average FPS[0m
    [32m  Γ£ö[0m[90m should track min and max FPS[0m
    [32m  Γ£ö[0m[90m should check if performance is poor[0m
    [32m  Γ£ö[0m[90m should check if performance is good[0m
[0m    Performance Warnings[0m
    [32m  Γ£ö[0m[90m should warn about low FPS[0m
    [31m  18) should warn about low FPS[0m


[92m [0m[32m 967 passing[0m[90m (238ms)[0m
[36m [0m[36m 2 pending[0m
[31m  18 failing[0m

[0m  1) SoundManager
       "before each" hook for "should initialize with empty sounds object":
[0m[31m     TypeError: SoundManager is not a constructor[0m[90m
      at Context.<anonymous> (test\unit\managers\soundManager.test.js:45:20)
      at process.processImmediate (node:internal/timers:505:21)
[0m
[0m  2) SpatialGridManager
       findNearestEntity()
         should return null when no entities:
[0m[31m     ReferenceError: globalThis is not defined[0m[90m
      at SpatialGridManager.clear (Classes\managers\SpatialGridManager.js:291:5)
      at Context.<anonymous> (test\unit\managers\SpatialGridManager.test.js:340:15)
[0m
[0m  3) SpatialGridManager
       clear()
         should clear all entities:
[0m[31m     ReferenceError: globalThis is not defined[0m[90m
      at SpatialGridManager.clear (Classes\managers\SpatialGridManager.js:291:5)
      at Context.<anonymous> (test\unit\managers\SpatialGridManager.test.js:493:15)
[0m
[0m  4) SpatialGridManager
       clear()
         should clear _allEntities array:
[0m[31m     ReferenceError: globalThis is not defined[0m[90m
      at SpatialGridManager.clear (Classes\managers\SpatialGridManager.js:291:5)
      at Context.<anonymous> (test\unit\managers\SpatialGridManager.test.js:498:15)
[0m
[0m  5) SpatialGridManager
       clear()
         should clear type tracking:
[0m[31m     ReferenceError: globalThis is not defined[0m[90m
      at SpatialGridManager.clear (Classes\managers\SpatialGridManager.js:291:5)
      at Context.<anonymous> (test\unit\managers\SpatialGridManager.test.js:503:15)
[0m
[0m  6) SpatialGridManager
       clear()
         should clear spatial grid:
[0m[31m     ReferenceError: globalThis is not defined[0m[90m
      at SpatialGridManager.clear (Classes\managers\SpatialGridManager.js:291:5)
      at Context.<anonymous> (test\unit\managers\SpatialGridManager.test.js:508:15)
[0m
[0m  7) EffectsLayerRenderer
       Particle Update Methods
         should update blood splatter particles:

      [31mAssertionError: expected 97 to be above 100[0m
      [32m+ expected[0m [31m- actual[0m

      [31m-97[0m
      [32m+100[0m
      [0m[90m
      at Context.<anonymous> (test\unit\rendering\EffectsLayerRenderer.test.js:358:43)
      at process.processImmediate (node:internal/timers:505:21)
[0m
[0m  8) EffectsLayerRenderer
       Particle Update Methods
         should remove dead particles:

      [31mAssertionError: expected [ { x: 100, y: 100, ΓÇª(4) } ] to have a length of +0 but got 1[0m
      [32m+ expected[0m [31m- actual[0m

      [31m-1[0m
      [32m+0[0m
      [0m[90m
      at Context.<anonymous> (test\unit\rendering\EffectsLayerRenderer.test.js:407:40)
      at process.processImmediate (node:internal/timers:505:21)
[0m
[0m  9) EntityDelegationBuilder
       createNamespaceAPI()
         should create namespace with statistics tracking:

      [31mAssertionError: expected +0 to be above +0[0m
      [32m+ expected[0m [31m- actual[0m

[0m[90m
      at Context.<anonymous> (test\unit\rendering\EntityDelegationBuilder.test.js:534:49)
[0m
[0m  10) EntityDelegationBuilder
       createNamespaceAPI()
         should track methods per class:

      [31mAssertionError: expected +0 to equal 2[0m
      [32m+ expected[0m [31m- actual[0m

      [31m-0[0m
      [32m+2[0m
      [0m[90m
      at Context.<anonymous> (test\unit\rendering\EntityDelegationBuilder.test.js:556:56)
[0m
[0m  11) EntityDelegationBuilder
       Delegation Statistics
         should track total delegated methods:

      [31mAssertionError: expected +0 to be above +0[0m
      [32m+ expected[0m [31m- actual[0m

[0m[90m
      at Context.<anonymous> (test\unit\rendering\EntityDelegationBuilder.test.js:813:49)
      at process.processImmediate (node:internal/timers:505:21)
[0m
[0m  12) EntityLayerRenderer (EntityRenderer)
       Depth Sorting
         should skip sorting when disabled:

      [31mAssertionError: expected { entity: { x: 100, y: 100 }, ΓÇª(3) } to equal { entity: { x: 100, y: 300 }, ΓÇª(3) }[0m
      [32m+ expected[0m [31m- actual[0m

       {
      [31m-  "depth": 100[0m
      [32m+  "depth": 300[0m
         "entity": {
           "x": 100
      [31m-    "y": 100[0m
      [32m+    "y": 300[0m
         }
         "position": {
           "x": 100
      [31m-    "y": 100[0m
      [32m+    "y": 300[0m
         }
         "type": "ant"
       }
      [0m[90m
      at Context.<anonymous> (test\unit\rendering\EntityLayerRenderer.test.js:339:48)
      at process.processImmediate (node:internal/timers:505:21)
[0m
[0m  13) EntityLayerRenderer (EntityRenderer)
       Integration Scenarios
         should handle full render cycle with mixed entities:

      [31mAssertionError: expected +0 to be above +0[0m
      [32m+ expected[0m [31m- actual[0m

[0m[90m
      at Context.<anonymous> (test\unit\rendering\EntityLayerRenderer.test.js:831:47)
      at process.processImmediate (node:internal/timers:505:21)
[0m
[0m  14) EntityLayerRenderer (EntityRenderer)
       Integration Scenarios
         should cull off-screen entities correctly:

      [31mAssertionError: expected +0 to equal 1[0m
      [32m+ expected[0m [31m- actual[0m

      [31m-0[0m
      [32m+1[0m
      [0m[90m
      at Context.<anonymous> (test\unit\rendering\EntityLayerRenderer.test.js:845:48)
      at process.processImmediate (node:internal/timers:505:21)
[0m
[0m  15) PerformanceMonitor
       Entity Performance Tracking
         should track entity type timings:

      [31mAssertionError: expected false to be true[0m
      [32m+ expected[0m [31m- actual[0m

      [31m-false[0m
      [32m+true[0m
      [0m[90m
      at Context.<anonymous> (test\unit\rendering\PerformanceMonitor.test.js:336:82)
      at process.processImmediate (node:internal/timers:505:21)
[0m
[0m  16) PerformanceMonitor
       Entity Performance Tracking
         should maintain type history:

      [31mAssertionError: expected false to be true[0m
      [32m+ expected[0m [31m- actual[0m

      [31m-false[0m
      [32m+true[0m
      [0m[90m
      at Context.<anonymous> (test\unit\rendering\PerformanceMonitor.test.js:426:75)
      at process.processImmediate (node:internal/timers:505:21)
[0m
[0m  17) PerformanceMonitor
       Entity Performance Tracking
         should limit type history to 30 frames:
[0m[31m     TypeError: Cannot read properties of undefined (reading 'length')[0m[90m
      at Context.<anonymous> (test\unit\rendering\PerformanceMonitor.test.js:439:68)
      at process.processImmediate (node:internal/timers:505:21)
[0m
[0m  18) PerformanceMonitor
       Performance Warnings
         should warn about low FPS:

      [31mUncaught AssertionError: expected +0 to be above +0[0m
      [32m+ expected[0m [31m- actual[0m

[0m[90m
      at Timeout._onTimeout (test\unit\rendering\PerformanceMonitor.test.js:128:59)
      at listOnTimeout (node:internal/timers:608:17)
      at process.processTimers (node:internal/timers:543:7)
[0m


